-- Journal begins at Thu 2023-05-04 15:41:23 WIB, ends at Fri 2023-05-19 09:06:26 WIB. --
May 19 00:01:44 node2 systemd[1]: Starting Rotate log files...
May 19 00:01:44 node2 systemd[1]: Starting Daily man-db regeneration...
May 19 00:01:44 node2 pvefw-logger[2007509]: received terminate request (signal)
May 19 00:01:44 node2 pvefw-logger[2007509]: stopping pvefw logger
May 19 00:01:44 node2 systemd[1]: Stopping Proxmox VE firewall logger...
May 19 00:01:44 node2 systemd[1]: man-db.service: Succeeded.
May 19 00:01:44 node2 systemd[1]: Finished Daily man-db regeneration.
May 19 00:01:44 node2 systemd[1]: pvefw-logger.service: Succeeded.
May 19 00:01:44 node2 systemd[1]: Stopped Proxmox VE firewall logger.
May 19 00:01:44 node2 systemd[1]: pvefw-logger.service: Consumed 10.270s CPU time.
May 19 00:01:44 node2 systemd[1]: Starting Proxmox VE firewall logger...
May 19 00:01:44 node2 pvefw-logger[2234569]: starting pvefw logger
May 19 00:01:44 node2 systemd[1]: Started Proxmox VE firewall logger.
May 19 00:01:44 node2 systemd[1]: logrotate.service: Succeeded.
May 19 00:01:44 node2 systemd[1]: Finished Rotate log files.
May 19 00:15:43 node2 postfix/qmgr[1476]: F4145380E80: from=<root@node2.local>, size=1002, nrcpt=1 (queue active)
May 19 00:15:53 node2 postfix/smtp[2236754]: F4145380E80: to=<support@rumahlogic.com>, relay=none, delay=206151, delays=206141/0.02/10/0, dsn=4.4.3, status=deferred (Host or domain name not found. Name service error for name=rumahlogic.com type=MX: Host not found, try again)
May 19 00:17:01 node2 CRON[2236964]: pam_unix(cron:session): session opened for user root(uid=0) by (uid=0)
May 19 00:17:01 node2 CRON[2236965]: (root) CMD (   cd / && run-parts --report /etc/cron.hourly)
May 19 00:17:01 node2 CRON[2236964]: pam_unix(cron:session): session closed for user root
May 19 00:25:43 node2 postfix/qmgr[1476]: 1411F380E92: from=<root@node2.local>, size=1002, nrcpt=1 (queue active)
May 19 00:25:43 node2 postfix/smtp[2238350]: 1411F380E92: to=<support@rumahlogic.com>, relay=none, delay=33941, delays=33941/0.03/0/0, dsn=4.4.3, status=deferred (Host or domain name not found. Name service error for name=rumahlogic.com type=MX: Host not found, try again)
May 19 00:45:43 node2 postfix/qmgr[1476]: 2C33D380E6D: from=<root@node2.local>, size=1002, nrcpt=1 (queue active)
May 19 00:45:48 node2 postfix/smtp[2241505]: 2C33D380E6D: to=<support@rumahlogic.com>, relay=none, delay=294346, delays=294341/0.03/5/0, dsn=4.4.3, status=deferred (Host or domain name not found. Name service error for name=rumahlogic.com type=MX: Host not found, try again)
May 19 00:55:43 node2 postfix/qmgr[1476]: EC671380E7F: from=<root@node2.local>, size=1002, nrcpt=1 (queue active)
May 19 00:55:48 node2 postfix/smtp[2243080]: EC671380E7F: to=<support@rumahlogic.com>, relay=none, delay=122147, delays=122142/0.02/5/0, dsn=4.4.3, status=deferred (Host or domain name not found. Name service error for name=rumahlogic.com type=MX: Host not found, try again)
May 19 01:17:01 node2 CRON[2246406]: pam_unix(cron:session): session opened for user root(uid=0) by (uid=0)
May 19 01:17:01 node2 CRON[2246407]: (root) CMD (   cd / && run-parts --report /etc/cron.hourly)
May 19 01:17:01 node2 CRON[2246406]: pam_unix(cron:session): session closed for user root
May 19 01:25:43 node2 postfix/qmgr[1476]: F4145380E80: from=<root@node2.local>, size=1002, nrcpt=1 (queue active)
May 19 01:25:43 node2 postfix/smtp[2247775]: F4145380E80: to=<support@rumahlogic.com>, relay=none, delay=210341, delays=210341/0.02/0/0, dsn=4.4.3, status=deferred (Host or domain name not found. Name service error for name=rumahlogic.com type=MX: Host not found, try again)
May 19 01:35:43 node2 postfix/qmgr[1476]: 1411F380E92: from=<root@node2.local>, size=1002, nrcpt=1 (queue active)
May 19 01:35:53 node2 postfix/smtp[2249350]: 1411F380E92: to=<support@rumahlogic.com>, relay=none, delay=38152, delays=38142/0.02/10/0, dsn=4.4.3, status=deferred (Host or domain name not found. Name service error for name=rumahlogic.com type=MX: Host not found, try again)
May 19 01:55:43 node2 postfix/qmgr[1476]: 2C33D380E6D: from=<root@node2.local>, size=1002, nrcpt=1 (queue active)
May 19 01:55:43 node2 postfix/smtp[2252502]: 2C33D380E6D: to=<support@rumahlogic.com>, relay=none, delay=298542, delays=298541/0.03/0.01/0, dsn=4.4.3, status=deferred (Host or domain name not found. Name service error for name=rumahlogic.com type=MX: Host not found, try again)
May 19 02:05:43 node2 postfix/qmgr[1476]: EC671380E7F: from=<root@node2.local>, size=1002, nrcpt=1 (queue active)
May 19 02:05:53 node2 postfix/smtp[2254072]: EC671380E7F: to=<support@rumahlogic.com>, relay=none, delay=126351, delays=126341/0.03/10/0, dsn=4.4.3, status=deferred (Host or domain name not found. Name service error for name=rumahlogic.com type=MX: Host not found, try again)
May 19 02:17:01 node2 CRON[2255852]: pam_unix(cron:session): session opened for user root(uid=0) by (uid=0)
May 19 02:17:01 node2 CRON[2255853]: (root) CMD (   cd / && run-parts --report /etc/cron.hourly)
May 19 02:17:01 node2 CRON[2255852]: pam_unix(cron:session): session closed for user root
May 19 02:35:43 node2 postfix/qmgr[1476]: F4145380E80: from=<root@node2.local>, size=1002, nrcpt=1 (queue active)
May 19 02:35:53 node2 postfix/smtp[2258791]: F4145380E80: to=<support@rumahlogic.com>, relay=none, delay=214551, delays=214541/0.02/10/0, dsn=4.4.3, status=deferred (Host or domain name not found. Name service error for name=rumahlogic.com type=MX: Host not found, try again)
May 19 02:45:43 node2 postfix/qmgr[1476]: 1411F380E92: from=<root@node2.local>, size=1002, nrcpt=1 (queue active)
May 19 02:45:43 node2 postfix/smtp[2260374]: 1411F380E92: to=<support@rumahlogic.com>, relay=none, delay=42341, delays=42341/0.03/0/0, dsn=4.4.3, status=deferred (Host or domain name not found. Name service error for name=rumahlogic.com type=MX: Host not found, try again)
May 19 03:05:43 node2 postfix/qmgr[1476]: 2C33D380E6D: from=<root@node2.local>, size=1002, nrcpt=1 (queue active)
May 19 03:05:53 node2 postfix/smtp[2263521]: 2C33D380E6D: to=<support@rumahlogic.com>, relay=none, delay=302751, delays=302741/0.03/10/0, dsn=4.4.3, status=deferred (Host or domain name not found. Name service error for name=rumahlogic.com type=MX: Host not found, try again)
May 19 03:10:01 node2 CRON[2264194]: pam_unix(cron:session): session opened for user root(uid=0) by (uid=0)
May 19 03:10:01 node2 CRON[2264195]: (root) CMD (test -e /run/systemd/system || SERVICE_MODE=1 /sbin/e2scrub_all -A -r)
May 19 03:10:01 node2 CRON[2264194]: pam_unix(cron:session): session closed for user root
May 19 03:11:29 node2 systemd[1]: Starting Daily apt download activities...
May 19 03:11:30 node2 systemd[1]: apt-daily.service: Succeeded.
May 19 03:11:30 node2 systemd[1]: Finished Daily apt download activities.
May 19 03:15:43 node2 postfix/qmgr[1476]: EC671380E7F: from=<root@node2.local>, size=1002, nrcpt=1 (queue active)
May 19 03:15:43 node2 postfix/smtp[2265140]: EC671380E7F: to=<support@rumahlogic.com>, relay=none, delay=130541, delays=130541/0.03/0/0, dsn=4.4.3, status=deferred (Host or domain name not found. Name service error for name=rumahlogic.com type=MX: Host not found, try again)
May 19 03:17:01 node2 CRON[2265350]: pam_unix(cron:session): session opened for user root(uid=0) by (uid=0)
May 19 03:17:01 node2 CRON[2265351]: (root) CMD (   cd / && run-parts --report /etc/cron.hourly)
May 19 03:17:01 node2 CRON[2265350]: pam_unix(cron:session): session closed for user root
May 19 03:45:43 node2 postfix/qmgr[1476]: F4145380E80: from=<root@node2.local>, size=1002, nrcpt=1 (queue active)
May 19 03:45:43 node2 postfix/smtp[2269861]: F4145380E80: to=<support@rumahlogic.com>, relay=none, delay=218742, delays=218742/0.02/0.01/0, dsn=4.4.3, status=deferred (Host or domain name not found. Name service error for name=rumahlogic.com type=MX: Host not found, try again)
May 19 03:55:43 node2 postfix/qmgr[1476]: 1411F380E92: from=<root@node2.local>, size=1002, nrcpt=1 (queue active)
May 19 03:55:43 node2 postfix/smtp[2271436]: 1411F380E92: to=<support@rumahlogic.com>, relay=none, delay=46541, delays=46541/0.03/0/0, dsn=4.4.3, status=deferred (Host or domain name not found. Name service error for name=rumahlogic.com type=MX: Host not found, try again)
May 19 04:15:43 node2 postfix/qmgr[1476]: 2C33D380E6D: from=<root@node2.local>, size=1002, nrcpt=1 (queue active)
May 19 04:15:43 node2 postfix/smtp[2274581]: 2C33D380E6D: to=<support@rumahlogic.com>, relay=none, delay=306941, delays=306941/0.03/0.01/0, dsn=4.4.3, status=deferred (Host or domain name not found. Name service error for name=rumahlogic.com type=MX: Host not found, try again)
May 19 04:17:01 node2 CRON[2274791]: pam_unix(cron:session): session opened for user root(uid=0) by (uid=0)
May 19 04:17:01 node2 CRON[2274792]: (root) CMD (   cd / && run-parts --report /etc/cron.hourly)
May 19 04:17:01 node2 CRON[2274791]: pam_unix(cron:session): session closed for user root
May 19 04:25:43 node2 postfix/qmgr[1476]: EC671380E7F: from=<root@node2.local>, size=1002, nrcpt=1 (queue active)
May 19 04:25:43 node2 postfix/smtp[2276160]: EC671380E7F: to=<support@rumahlogic.com>, relay=none, delay=134742, delays=134742/0.03/0/0, dsn=4.4.3, status=deferred (Host or domain name not found. Name service error for name=rumahlogic.com type=MX: Host not found, try again)
May 19 04:33:29 node2 systemd[1]: Starting Daily PVE download activities...
May 19 04:33:31 node2 pveupdate[2277394]: <root@pam> starting task UPID:node2:0022C017:03D7AB33:646699AB:aptupdate::root@pam:
May 19 04:33:32 node2 pveupdate[2277399]: command 'apt-get update' failed: exit code 100
May 19 04:33:32 node2 pveupdate[2277394]: command 'apt-get update' failed: exit code 100
May 19 04:33:32 node2 pveupdate[2277394]: <root@pam> end task UPID:node2:0022C017:03D7AB33:646699AB:aptupdate::root@pam: command 'apt-get update' failed: exit code 100
May 19 04:33:32 node2 systemd[1]: pve-daily-update.service: Succeeded.
May 19 04:33:32 node2 systemd[1]: Finished Daily PVE download activities.
May 19 04:33:32 node2 systemd[1]: pve-daily-update.service: Consumed 2.115s CPU time.
May 19 04:55:43 node2 postfix/qmgr[1476]: F4145380E80: from=<root@node2.local>, size=1002, nrcpt=1 (queue active)
May 19 04:55:43 node2 postfix/smtp[2281158]: F4145380E80: to=<support@rumahlogic.com>, relay=none, delay=222941, delays=222941/0.03/0.01/0, dsn=4.4.3, status=deferred (Host or domain name not found. Name service error for name=rumahlogic.com type=MX: Host not found, try again)
May 19 05:05:43 node2 postfix/qmgr[1476]: 1411F380E92: from=<root@node2.local>, size=1002, nrcpt=1 (queue active)
May 19 05:05:53 node2 postfix/smtp[2282735]: 1411F380E92: to=<support@rumahlogic.com>, relay=none, delay=50752, delays=50742/0.03/10/0, dsn=4.4.3, status=deferred (Host or domain name not found. Name service error for name=rumahlogic.com type=MX: Host not found, try again)
May 19 05:17:01 node2 CRON[2284515]: pam_unix(cron:session): session opened for user root(uid=0) by (uid=0)
May 19 05:17:01 node2 CRON[2284516]: (root) CMD (   cd / && run-parts --report /etc/cron.hourly)
May 19 05:17:01 node2 CRON[2284515]: pam_unix(cron:session): session closed for user root
May 19 05:25:43 node2 postfix/qmgr[1476]: 2C33D380E6D: from=<root@node2.local>, size=1002, nrcpt=1 (queue active)
May 19 05:25:43 node2 postfix/smtp[2285891]: 2C33D380E6D: to=<support@rumahlogic.com>, relay=none, delay=311141, delays=311141/0.03/0/0, dsn=4.4.3, status=deferred (Host or domain name not found. Name service error for name=rumahlogic.com type=MX: Host not found, try again)
May 19 05:35:43 node2 postfix/qmgr[1476]: EC671380E7F: from=<root@node2.local>, size=1002, nrcpt=1 (queue active)
May 19 05:35:53 node2 postfix/smtp[2287460]: EC671380E7F: to=<support@rumahlogic.com>, relay=none, delay=138951, delays=138941/0.03/10/0, dsn=4.4.3, status=deferred (Host or domain name not found. Name service error for name=rumahlogic.com type=MX: Host not found, try again)
May 19 06:05:43 node2 postfix/qmgr[1476]: F4145380E80: from=<root@node2.local>, size=1002, nrcpt=1 (queue active)
May 19 06:05:53 node2 postfix/smtp[2292184]: F4145380E80: to=<support@rumahlogic.com>, relay=none, delay=227152, delays=227142/0.03/10/0, dsn=4.4.3, status=deferred (Host or domain name not found. Name service error for name=rumahlogic.com type=MX: Host not found, try again)
May 19 06:15:43 node2 postfix/qmgr[1476]: 1411F380E92: from=<root@node2.local>, size=1002, nrcpt=1 (queue active)
May 19 06:15:43 node2 postfix/smtp[2293752]: 1411F380E92: to=<support@rumahlogic.com>, relay=none, delay=54941, delays=54941/0.02/0.01/0, dsn=4.4.3, status=deferred (Host or domain name not found. Name service error for name=rumahlogic.com type=MX: Host not found, try again)
May 19 06:17:01 node2 CRON[2293961]: pam_unix(cron:session): session opened for user root(uid=0) by (uid=0)
May 19 06:17:01 node2 CRON[2293962]: (root) CMD (   cd / && run-parts --report /etc/cron.hourly)
May 19 06:17:01 node2 CRON[2293961]: pam_unix(cron:session): session closed for user root
May 19 06:25:01 node2 CRON[2295222]: pam_unix(cron:session): session opened for user root(uid=0) by (uid=0)
May 19 06:25:01 node2 CRON[2295223]: (root) CMD (test -x /usr/sbin/anacron || ( cd / && run-parts --report /etc/cron.daily ))
May 19 06:25:01 node2 CRON[2295222]: pam_unix(cron:session): session closed for user root
May 19 06:32:29 node2 systemd[1]: Starting Daily apt upgrade and clean activities...
May 19 06:32:30 node2 systemd[1]: apt-daily-upgrade.service: Succeeded.
May 19 06:32:30 node2 systemd[1]: Finished Daily apt upgrade and clean activities.
May 19 06:35:43 node2 postfix/qmgr[1476]: 2C33D380E6D: from=<root@node2.local>, size=1002, nrcpt=1 (queue active)
May 19 06:35:53 node2 postfix/smtp[2296963]: 2C33D380E6D: to=<support@rumahlogic.com>, relay=none, delay=315351, delays=315341/0.03/10/0, dsn=4.4.3, status=deferred (Host or domain name not found. Name service error for name=rumahlogic.com type=MX: Host not found, try again)
May 19 06:45:43 node2 postfix/qmgr[1476]: EC671380E7F: from=<root@node2.local>, size=1002, nrcpt=1 (queue active)
May 19 06:45:43 node2 postfix/smtp[2298538]: EC671380E7F: to=<support@rumahlogic.com>, relay=none, delay=143142, delays=143142/0.03/0/0, dsn=4.4.3, status=deferred (Host or domain name not found. Name service error for name=rumahlogic.com type=MX: Host not found, try again)
May 19 07:15:43 node2 postfix/qmgr[1476]: F4145380E80: from=<root@node2.local>, size=1002, nrcpt=1 (queue active)
May 19 07:15:43 node2 postfix/smtp[2303254]: F4145380E80: to=<support@rumahlogic.com>, relay=none, delay=231341, delays=231341/0.02/0.01/0, dsn=4.4.3, status=deferred (Host or domain name not found. Name service error for name=rumahlogic.com type=MX: Host not found, try again)
May 19 07:17:01 node2 CRON[2303464]: pam_unix(cron:session): session opened for user root(uid=0) by (uid=0)
May 19 07:17:01 node2 CRON[2303465]: (root) CMD (   cd / && run-parts --report /etc/cron.hourly)
May 19 07:17:01 node2 CRON[2303464]: pam_unix(cron:session): session closed for user root
May 19 07:25:43 node2 postfix/qmgr[1476]: 1411F380E92: from=<root@node2.local>, size=1002, nrcpt=1 (queue active)
May 19 07:25:43 node2 postfix/smtp[2304832]: 1411F380E92: to=<support@rumahlogic.com>, relay=none, delay=59142, delays=59142/0.03/0.01/0, dsn=4.4.3, status=deferred (Host or domain name not found. Name service error for name=rumahlogic.com type=MX: Host not found, try again)
May 19 07:45:43 node2 postfix/qmgr[1476]: 2C33D380E6D: from=<root@node2.local>, size=1002, nrcpt=1 (queue active)
May 19 07:45:43 node2 postfix/smtp[2307978]: 2C33D380E6D: to=<support@rumahlogic.com>, relay=none, delay=319542, delays=319541/0.03/0.01/0, dsn=4.4.3, status=deferred (Host or domain name not found. Name service error for name=rumahlogic.com type=MX: Host not found, try again)
May 19 07:55:43 node2 postfix/qmgr[1476]: EC671380E7F: from=<root@node2.local>, size=1002, nrcpt=1 (queue active)
May 19 07:55:53 node2 postfix/smtp[2309553]: EC671380E7F: to=<support@rumahlogic.com>, relay=none, delay=147351, delays=147341/0.03/10/0, dsn=4.4.3, status=deferred (Host or domain name not found. Name service error for name=rumahlogic.com type=MX: Host not found, try again)
May 19 08:17:01 node2 CRON[2312904]: pam_unix(cron:session): session opened for user root(uid=0) by (uid=0)
May 19 08:17:01 node2 CRON[2312905]: (root) CMD (   cd / && run-parts --report /etc/cron.hourly)
May 19 08:17:01 node2 CRON[2312904]: pam_unix(cron:session): session closed for user root
May 19 08:25:43 node2 postfix/qmgr[1476]: F4145380E80: from=<root@node2.local>, size=1002, nrcpt=1 (queue active)
May 19 08:25:43 node2 postfix/smtp[2314273]: F4145380E80: to=<support@rumahlogic.com>, relay=none, delay=235542, delays=235542/0.03/0.01/0, dsn=4.4.3, status=deferred (Host or domain name not found. Name service error for name=rumahlogic.com type=MX: Host not found, try again)
May 19 08:35:43 node2 postfix/qmgr[1476]: 1411F380E92: from=<root@node2.local>, size=1002, nrcpt=1 (queue active)
May 19 08:35:43 node2 postfix/smtp[2315848]: 1411F380E92: to=<support@rumahlogic.com>, relay=none, delay=63341, delays=63341/0.03/0/0, dsn=4.4.3, status=deferred (Host or domain name not found. Name service error for name=rumahlogic.com type=MX: Host not found, try again)
May 19 08:40:16 node2 sshd[2316556]: Accepted password for root from 10.10.90.5 port 38236 ssh2
May 19 08:40:16 node2 sshd[2316556]: pam_unix(sshd:session): session opened for user root(uid=0) by (uid=0)
May 19 08:40:16 node2 systemd-logind[1174]: New session 238 of user root.
May 19 08:40:16 node2 systemd[1]: Started Session 238 of user root.
May 19 08:40:18 node2 systemd[1]: Stopping Session 122 of user root.
May 19 08:40:18 node2 systemd[1]: Stopping Session 238 of user root.
May 19 08:40:18 node2 systemd[1]: Removed slice qemu.slice.
May 19 08:40:18 node2 systemd[1]: qemu.slice: Consumed 3d 4h 40min 23.573s CPU time.
May 19 08:40:18 node2 systemd[1]: Removed slice system-modprobe.slice.
May 19 08:40:18 node2 systemd[1]: Stopped target Graphical Interface.
May 19 08:40:18 node2 systemd[1]: Stopped target Multi-User System.
May 19 08:40:18 node2 systemd[1]: Stopped target Login Prompts.
May 19 08:40:18 node2 systemd[1]: Stopped target RPC Port Mapper.
May 19 08:40:18 node2 systemd[1]: Stopped target Timers.
May 19 08:40:18 node2 systemd[1]: apt-daily-upgrade.timer: Succeeded.
May 19 08:40:18 node2 systemd[1]: Stopped Daily apt upgrade and clean activities.
May 19 08:40:18 node2 systemd[1]: apt-daily.timer: Succeeded.
May 19 08:40:18 node2 systemd[1]: Stopped Daily apt download activities.
May 19 08:40:18 node2 systemd[1]: e2scrub_all.timer: Succeeded.
May 19 08:40:18 node2 systemd[1]: Stopped Periodic ext4 Online Metadata Check for All Filesystems.
May 19 08:40:18 node2 systemd[1]: fstrim.timer: Succeeded.
May 19 08:40:18 node2 systemd[1]: Stopped Discard unused blocks once a week.
May 19 08:40:18 node2 systemd[1]: logrotate.timer: Succeeded.
May 19 08:40:18 node2 systemd[1]: Stopped Daily rotation of log files.
May 19 08:40:18 node2 systemd[1]: man-db.timer: Succeeded.
May 19 08:40:18 node2 systemd[1]: Stopped Daily man-db regeneration.
May 19 08:40:18 node2 systemd[1]: pve-daily-update.timer: Succeeded.
May 19 08:40:18 node2 systemd[1]: Stopped Daily PVE download activities.
May 19 08:40:18 node2 systemd[1]: systemd-tmpfiles-clean.timer: Succeeded.
May 19 08:40:18 node2 systemd[1]: Stopped Daily Cleanup of Temporary Directories.
May 19 08:40:18 node2 systemd[1]: Stopped target ZFS startup target.
May 19 08:40:18 node2 systemd[1]: Stopped target ZFS pool import target.
May 19 08:40:18 node2 systemd[1]: Stopped target ZFS volumes are ready.
May 19 08:40:18 node2 systemd[1]: lvm2-lvmpolld.socket: Succeeded.
May 19 08:40:18 node2 systemd[1]: Closed LVM2 poll daemon socket.
May 19 08:40:18 node2 systemd[1]: systemd-rfkill.socket: Succeeded.
May 19 08:40:18 node2 systemd[1]: Closed Load/Save RF Kill Switch Status /dev/rfkill Watch.
May 19 08:40:18 node2 pvedaemon[1525]: <root@pam> end task UPID:node2:0014572B:01F0ADCE:6461BAF9:vncshell::root@pam: OK
May 19 08:40:18 node2 systemd[1]: Unmounting RPC Pipe File System...
May 19 08:40:18 node2 systemd[1]: Stopping Availability of block devices...
May 19 08:40:18 node2 systemd[1]: Stopping Regular background program processing daemon...
May 19 08:40:18 node2 systemd[1]: Stopping Getty on tty1...
May 19 08:40:18 node2 systemd[1]: Stopping Kernel Samepage Merging (KSM) Tuning Daemon...
May 19 08:40:18 node2 systemd[1]: Stopping LVM event activation on device 8:0...
May 19 08:40:18 node2 systemd[3037]: run-rpc_pipefs.mount: Succeeded.
May 19 08:40:18 node2 systemd[1]: Stopping LVM event activation on device 8:16...
May 19 08:40:18 node2 systemd[1]: Stopping LVM event activation on device 8:32...
May 19 08:40:18 node2 systemd[1]: Stopping LVM event activation on device 8:48...
May 19 08:40:18 node2 systemd[1]: Stopping LVM event activation on device 8:64...
May 19 08:40:18 node2 systemd[1]: Stopping LVM event activation on device 8:83...
May 19 08:40:18 node2 systemd[1]: Stopping LXC Container Monitoring Daemon...
May 19 08:40:18 node2 systemd[1]: postfix.service: Succeeded.
May 19 08:40:18 node2 systemd[1]: Stopped Postfix Mail Transport Agent.
May 19 08:40:18 node2 blkdeactivate[2316598]: Deactivating block devices:
May 19 08:40:18 node2 systemd[1]: Stopping Postfix Mail Transport Agent (instance -)...
May 19 08:40:18 node2 systemd[1]: Stopping PVE guests...
May 19 08:40:18 node2 systemd[1]: Stopping Proxmox VE scheduler...
May 19 08:40:18 node2 systemd[1]: Stopping Self Monitoring and Reporting Technology (SMART) Daemon...
May 19 08:40:18 node2 smartd[1172]: smartd received signal 15: Terminated
May 19 08:40:18 node2 smartd[1172]: Device: /dev/sda, state written to /var/lib/smartmontools/smartd.TOSHIBA-AL14SXB60ENY-Z9D0A03SFEHE.scsi.state
May 19 08:40:18 node2 smartd[1172]: Device: /dev/sdb, state written to /var/lib/smartmontools/smartd.TOSHIBA-AL14SXB60ENY-Z9D0A034FEHE.scsi.state
May 19 08:40:18 node2 smartd[1172]: Device: /dev/sdc, state written to /var/lib/smartmontools/smartd.TOSHIBA-AL14SXB60ENY-Z9D0A079FEHE.scsi.state
May 19 08:40:18 node2 smartd[1172]: Device: /dev/sdd, state written to /var/lib/smartmontools/smartd.TOSHIBA-AL14SXB60ENY-Z9D0A089FEHE.scsi.state
May 19 08:40:18 node2 smartd[1172]: Device: /dev/sde, state written to /var/lib/smartmontools/smartd.TOSHIBA-AL14SXB60ENY-Z9D0A08JFEHE.scsi.state
May 19 08:40:18 node2 systemd[1]: Stopping Load/Save Random Seed...
May 19 08:40:18 node2 systemd[1]: zfs-share.service: Succeeded.
May 19 08:40:18 node2 systemd[1]: Stopped ZFS file system shares.
May 19 08:40:18 node2 smartd[1172]: Device: /dev/bus/0 [megaraid_disk_00] [SAT], state written to /var/lib/smartmontools/smartd.SSDSC2KG480G8R-BTYG0123080M480BGN.ata.state
May 19 08:40:18 node2 zed[1197]: Exiting
May 19 08:40:18 node2 smartd[1172]: Device: /dev/bus/0 [megaraid_disk_01] [SAT], state written to /var/lib/smartmontools/smartd.SSDSC2KG480G8R-BTYG026105CA480BGN.ata.state
May 19 08:40:18 node2 systemd[1]: Stopping ZFS Event Daemon (zed)...
May 19 08:40:18 node2 smartd[1172]: smartd is exiting (exit status 0)
May 19 08:40:18 node2 systemd[1]: smartmontools.service: Succeeded.
May 19 08:40:18 node2 systemd[1]: Stopped Self Monitoring and Reporting Technology (SMART) Daemon.
May 19 08:40:18 node2 systemd[1]: smartmontools.service: Consumed 1.812s CPU time.
May 19 08:40:18 node2 systemd[1]: zfs-zed.service: Succeeded.
May 19 08:40:18 node2 systemd[1]: Stopped ZFS Event Daemon (zed).
May 19 08:40:18 node2 systemd[1]: ksmtuned.service: Succeeded.
May 19 08:40:18 node2 systemd[1]: Stopped Kernel Samepage Merging (KSM) Tuning Daemon.
May 19 08:40:18 node2 systemd[1]: ksmtuned.service: Consumed 5min 29.288s CPU time.
May 19 08:40:18 node2 systemd[1]: lxc-monitord.service: Succeeded.
May 19 08:40:18 node2 systemd[1]: Stopped LXC Container Monitoring Daemon.
May 19 08:40:18 node2 systemd[1]: cron.service: Succeeded.
May 19 08:40:18 node2 systemd[1]: Stopped Regular background program processing daemon.
May 19 08:40:18 node2 systemd[1]: cron.service: Consumed 4.923s CPU time.
May 19 08:40:18 node2 systemd[1]: getty@tty1.service: Succeeded.
May 19 08:40:18 node2 systemd[1]: Stopped Getty on tty1.
May 19 08:40:18 node2 systemd[3037]: media-vz.mount: Succeeded.
May 19 08:40:18 node2 lvm[2316600]:   pvscan[2316600] PV /dev/sdb online.
May 19 08:40:18 node2 lvm[2316599]:   pvscan[2316599] PV /dev/sda online.
May 19 08:40:18 node2 lvm[2316603]:   pvscan[2316603] PV /dev/sdc online.
May 19 08:40:18 node2 lvm[2316606]:   pvscan[2316606] PV /dev/sdf3 online.
May 19 08:40:18 node2 lvm[2316604]:   pvscan[2316604] PV /dev/sdd online.
May 19 08:40:18 node2 postfix/postfix-script[2316623]: stopping the Postfix mail system
May 19 08:40:18 node2 lvm[2316605]:   pvscan[2316605] PV /dev/sde online.
May 19 08:40:18 node2 postfix/master[1474]: terminating on signal 15
May 19 08:40:18 node2 systemd[1]: media-vz.mount: Succeeded.
May 19 08:40:18 node2 systemd[1]: Unmounted /media/vz.
May 19 08:40:18 node2 systemd[1]: run-rpc_pipefs.mount: Succeeded.
May 19 08:40:18 node2 systemd[1]: Unmounted RPC Pipe File System.
May 19 08:40:18 node2 systemd[1]: systemd-random-seed.service: Succeeded.
May 19 08:40:18 node2 systemd[1]: Stopped Load/Save Random Seed.
May 19 08:40:18 node2 systemd[1]: postfix@-.service: Succeeded.
May 19 08:40:18 node2 systemd[1]: Stopped Postfix Mail Transport Agent (instance -).
May 19 08:40:18 node2 systemd[1]: postfix@-.service: Consumed 18.220s CPU time.
May 19 08:40:18 node2 systemd[1]: session-238.scope: Succeeded.
May 19 08:40:18 node2 systemd[1]: Stopped Session 238 of user root.
May 19 08:40:18 node2 systemd[1]: session-122.scope: Succeeded.
May 19 08:40:18 node2 systemd[1]: Stopped Session 122 of user root.
May 19 08:40:18 node2 systemd-logind[1174]: Session 122 logged out. Waiting for processes to exit.
May 19 08:40:18 node2 systemd[1]: Removed slice system-getty.slice.
May 19 08:40:18 node2 systemd[1]: Removed slice system-postfix.slice.
May 19 08:40:18 node2 systemd[1]: system-postfix.slice: Consumed 18.220s CPU time.
May 19 08:40:18 node2 systemd[1]: systemd-fsck@dev-hd\x2dvg-hd\x2dvz.service: Succeeded.
May 19 08:40:18 node2 systemd[1]: Stopped File System Check on /dev/hd-vg/hd-vz.
May 19 08:40:18 node2 systemd[1]: Stopping User Login Management...
May 19 08:40:18 node2 systemd[1]: Stopping User Manager for UID 0...
May 19 08:40:18 node2 systemd-logind[1174]: Session 238 logged out. Waiting for processes to exit.
May 19 08:40:18 node2 systemd[3037]: Stopped target Main User Target.
May 19 08:40:18 node2 systemd[3037]: Stopped target Basic System.
May 19 08:40:18 node2 systemd[3037]: Stopped target Paths.
May 19 08:40:18 node2 systemd[3037]: Stopped target Sockets.
May 19 08:40:18 node2 systemd[3037]: Stopped target Timers.
May 19 08:40:18 node2 systemd[3037]: dirmngr.socket: Succeeded.
May 19 08:40:18 node2 systemd[3037]: Closed GnuPG network certificate management daemon.
May 19 08:40:18 node2 systemd[3037]: gpg-agent-browser.socket: Succeeded.
May 19 08:40:18 node2 systemd[3037]: Closed GnuPG cryptographic agent and passphrase cache (access for web browsers).
May 19 08:40:18 node2 systemd[3037]: gpg-agent-extra.socket: Succeeded.
May 19 08:40:18 node2 systemd[3037]: Closed GnuPG cryptographic agent and passphrase cache (restricted).
May 19 08:40:18 node2 systemd[3037]: gpg-agent-ssh.socket: Succeeded.
May 19 08:40:18 node2 systemd[3037]: Closed GnuPG cryptographic agent (ssh-agent emulation).
May 19 08:40:18 node2 systemd[3037]: gpg-agent.socket: Succeeded.
May 19 08:40:18 node2 systemd[3037]: Closed GnuPG cryptographic agent and passphrase cache.
May 19 08:40:18 node2 systemd[3037]: Removed slice User Application Slice.
May 19 08:40:18 node2 systemd[3037]: Reached target Shutdown.
May 19 08:40:18 node2 systemd[3037]: systemd-exit.service: Succeeded.
May 19 08:40:18 node2 systemd[3037]: Finished Exit the Session.
May 19 08:40:18 node2 systemd[3037]: Reached target Exit the Session.
May 19 08:40:18 node2 systemd[1]: user@0.service: Succeeded.
May 19 08:40:18 node2 systemd[1]: Stopped User Manager for UID 0.
May 19 08:40:19 node2 systemd[1]: Stopping User Runtime Directory /run/user/0...
May 19 08:40:19 node2 blkdeactivate[2316598]:   [UMOUNT]: unmounting hd--vg-hd--vz (dm-13) mounted on /media/vz... done
May 19 08:40:19 node2 blkdeactivate[2316598]:   [SKIP]: unmount of pve-root (dm-0) mounted on /
May 19 08:40:19 node2 systemd[1]: lvm2-pvscan@8:64.service: Succeeded.
May 19 08:40:19 node2 systemd[1]: Stopped LVM event activation on device 8:64.
May 19 08:40:19 node2 systemd[1]: lvm2-pvscan@8:0.service: Succeeded.
May 19 08:40:19 node2 systemd[1]: Stopped LVM event activation on device 8:0.
May 19 08:40:19 node2 systemd[1]: lvm2-pvscan@8:16.service: Succeeded.
May 19 08:40:19 node2 systemd[1]: Stopped LVM event activation on device 8:16.
May 19 08:40:19 node2 systemd[1]: lvm2-pvscan@8:48.service: Succeeded.
May 19 08:40:19 node2 systemd[1]: Stopped LVM event activation on device 8:48.
May 19 08:40:19 node2 systemd[1]: lvm2-pvscan@8:32.service: Succeeded.
May 19 08:40:19 node2 systemd[1]: Stopped LVM event activation on device 8:32.
May 19 08:40:19 node2 systemd[1]: run-user-0.mount: Succeeded.
May 19 08:40:19 node2 systemd[1]: Unmounted /run/user/0.
May 19 08:40:19 node2 systemd[1]: user-runtime-dir@0.service: Succeeded.
May 19 08:40:19 node2 systemd[1]: Stopped User Runtime Directory /run/user/0.
May 19 08:40:19 node2 systemd[1]: lvm2-pvscan@8:83.service: Succeeded.
May 19 08:40:19 node2 systemd[1]: Stopped LVM event activation on device 8:83.
May 19 08:40:19 node2 systemd[1]: Removed slice system-lvm2\x2dpvscan.slice.
May 19 08:40:19 node2 systemd[1]: Removed slice User Slice of UID 0.
May 19 08:40:19 node2 systemd[1]: user-0.slice: Consumed 37min 33.336s CPU time.
May 19 08:40:19 node2 systemd[1]: Stopping D-Bus System Message Bus...
May 19 08:40:19 node2 systemd[1]: Stopping Permit User Sessions...
May 19 08:40:19 node2 systemd[1]: systemd-user-sessions.service: Succeeded.
May 19 08:40:19 node2 systemd[1]: Stopped Permit User Sessions.
May 19 08:40:19 node2 systemd[1]: dbus.service: Succeeded.
May 19 08:40:19 node2 systemd[1]: Stopped D-Bus System Message Bus.
May 19 08:40:19 node2 systemd[1]: systemd-logind.service: Succeeded.
May 19 08:40:19 node2 systemd[1]: Stopped User Login Management.
May 19 08:40:19 node2 systemd[1]: systemd-logind.service: Consumed 1.359s CPU time.
May 19 08:40:19 node2 pveproxy[1334651]: worker exit
May 19 08:40:19 node2 pvescheduler[1516]: received signal TERM
May 19 08:40:19 node2 pvescheduler[1516]: got shutdown request, signal running jobs to stop
May 19 08:40:19 node2 pvescheduler[1516]: server stopped
May 19 08:40:20 node2 lvm[754]: No longer monitoring thin pool hd--vg-hd--thin-tpool.
May 19 08:40:20 node2 pve-guests[2316723]: <root@pam> starting task UPID:node2:002359FF:03EE43F1:6466D384:stopall::root@pam:
May 19 08:40:20 node2 pve-guests[2316799]: all VMs and CTs stopped
May 19 08:40:20 node2 pve-guests[2316723]: <root@pam> end task UPID:node2:002359FF:03EE43F1:6466D384:stopall::root@pam: OK
May 19 08:40:20 node2 systemd[1]: pve-guests.service: Succeeded.
May 19 08:40:20 node2 systemd[1]: Stopped PVE guests.
May 19 08:40:20 node2 systemd[1]: pve-guests.service: Consumed 1.500s CPU time.
May 19 08:40:20 node2 systemd[1]: Stopping Proxmox VE firewall...
May 19 08:40:20 node2 systemd[1]: Stopping PVE Local HA Resource Manager Daemon...
May 19 08:40:20 node2 systemd[1]: Stopping Proxmox VE LXC Syscall Daemon...
May 19 08:40:20 node2 systemd[1]: Stopping PVE Status Daemon...
May 19 08:40:20 node2 systemd[1]: Stopping PVE SPICE Proxy Server...
May 19 08:40:20 node2 systemd[1]: pve-lxc-syscalld.service: Succeeded.
May 19 08:40:20 node2 systemd[1]: Stopped Proxmox VE LXC Syscall Daemon.
May 19 08:40:20 node2 blkdeactivate[2316598]:   [LVM]: deactivating Volume Group hd-vg... done
May 19 08:40:20 node2 systemd[1]: pvescheduler.service: Succeeded.
May 19 08:40:20 node2 systemd[1]: Stopped Proxmox VE scheduler.
May 19 08:40:20 node2 systemd[1]: pvescheduler.service: Consumed 5min 47.127s CPU time.
May 19 08:40:20 node2 spiceproxy[1537]: received signal TERM
May 19 08:40:20 node2 spiceproxy[1537]: server closing
May 19 08:40:20 node2 spiceproxy[1780294]: worker exit
May 19 08:40:20 node2 spiceproxy[1537]: worker 1780294 finished
May 19 08:40:20 node2 spiceproxy[1537]: server stopped
May 19 08:40:21 node2 systemd[1]: blk-availability.service: Succeeded.
May 19 08:40:21 node2 systemd[1]: Stopped Availability of block devices.
May 19 08:40:21 node2 pve-firewall[1490]: received signal TERM
May 19 08:40:21 node2 pve-firewall[1490]: server closing
May 19 08:40:21 node2 pve-firewall[1490]: clear firewall rules
May 19 08:40:21 node2 pvestatd[1497]: received signal TERM
May 19 08:40:21 node2 pvestatd[1497]: server closing
May 19 08:40:21 node2 pvestatd[1497]: server stopped
May 19 08:40:21 node2 systemd[1]: Stopping Map RBD devices...
May 19 08:40:21 node2 systemd[1]: rbdmap.service: Succeeded.
May 19 08:40:21 node2 systemd[1]: Stopped Map RBD devices.
May 19 08:40:21 node2 pve-firewall[1490]: server stopped
May 19 08:40:21 node2 pve-ha-lrm[1539]: received signal TERM
May 19 08:40:21 node2 pve-ha-lrm[1539]: got shutdown request with shutdown policy 'conditional'
May 19 08:40:21 node2 pve-ha-lrm[1539]: reboot LRM, stop and freeze all services
May 19 08:40:21 node2 pve-ha-lrm[1539]: server stopped
May 19 08:40:21 node2 systemd[1]: spiceproxy.service: Succeeded.
May 19 08:40:21 node2 systemd[1]: Stopped PVE SPICE Proxy Server.
May 19 08:40:21 node2 systemd[1]: spiceproxy.service: Consumed 44.201s CPU time.
May 19 08:40:22 node2 systemd[1]: pve-firewall.service: Succeeded.
May 19 08:40:22 node2 systemd[1]: Stopped Proxmox VE firewall.
May 19 08:40:22 node2 systemd[1]: pve-firewall.service: Consumed 2h 3min 40.598s CPU time.
May 19 08:40:22 node2 systemd[1]: Stopping Proxmox VE firewall logger...
May 19 08:40:22 node2 pvefw-logger[2234569]: received terminate request (signal)
May 19 08:40:22 node2 pvefw-logger[2234569]: stopping pvefw logger
May 19 08:40:22 node2 systemd[1]: pvestatd.service: Succeeded.
May 19 08:40:22 node2 systemd[1]: Stopped PVE Status Daemon.
May 19 08:40:22 node2 systemd[1]: pvestatd.service: Consumed 3h 19min 41.946s CPU time.
May 19 08:40:22 node2 systemd[1]: pve-ha-lrm.service: Succeeded.
May 19 08:40:22 node2 systemd[1]: Stopped PVE Local HA Resource Manager Daemon.
May 19 08:40:22 node2 systemd[1]: pve-ha-lrm.service: Consumed 2min 24.082s CPU time.
May 19 08:40:22 node2 systemd[1]: Stopping LXC Container Initialization and Autoboot Code...
May 19 08:40:22 node2 systemd[1]: Stopping PVE Cluster HA Resource Manager Daemon...
May 19 08:40:22 node2 systemd[1]: Stopping PVE API Proxy Server...
May 19 08:40:22 node2 systemd[1]: Stopping PVE Qemu Event Daemon...
May 19 08:40:22 node2 systemd[1]: qmeventd.service: Succeeded.
May 19 08:40:22 node2 systemd[1]: Stopped PVE Qemu Event Daemon.
May 19 08:40:22 node2 systemd[1]: qmeventd.service: Consumed 5.854s CPU time.
May 19 08:40:22 node2 systemd[1]: lxc.service: Control process exited, code=exited, status=1/FAILURE
May 19 08:40:22 node2 systemd[1]: lxc.service: Failed with result 'exit-code'.
May 19 08:40:22 node2 systemd[1]: Stopped LXC Container Initialization and Autoboot Code.
May 19 08:40:22 node2 systemd[1]: Stopping LXC network bridge setup...
May 19 08:40:22 node2 systemd[1]: Stopping FUSE filesystem for LXC...
May 19 08:40:22 node2 lxcfs[1167]: Running destructor lxcfs_exit
May 19 08:40:22 node2 systemd[1]: var-lib-lxcfs.mount: Succeeded.
May 19 08:40:22 node2 systemd[1]: Unmounted /var/lib/lxcfs.
May 19 08:40:22 node2 fusermount[2317029]: /bin/fusermount: failed to unmount /var/lib/lxcfs: Invalid argument
May 19 08:40:22 node2 systemd[1]: lxcfs.service: Succeeded.
May 19 08:40:22 node2 systemd[1]: Stopped FUSE filesystem for LXC.
May 19 08:40:22 node2 systemd[1]: lxc-net.service: Succeeded.
May 19 08:40:22 node2 systemd[1]: Stopped LXC network bridge setup.
May 19 08:40:22 node2 systemd[1]: pvefw-logger.service: Succeeded.
May 19 08:40:22 node2 systemd[1]: Stopped Proxmox VE firewall logger.
May 19 08:40:22 node2 systemd[1]: pvefw-logger.service: Consumed 3.669s CPU time.
May 19 08:40:22 node2 pve-ha-crm[1530]: received signal TERM
May 19 08:40:22 node2 pve-ha-crm[1530]: server received shutdown request
May 19 08:40:22 node2 pve-ha-crm[1530]: server stopped
May 19 08:40:23 node2 pveproxy[1531]: received signal TERM
May 19 08:40:23 node2 pveproxy[1531]: server closing
May 19 08:40:23 node2 pveproxy[1780303]: worker exit
May 19 08:40:23 node2 pveproxy[1780301]: worker exit
May 19 08:40:23 node2 pveproxy[1780302]: worker exit
May 19 08:40:23 node2 pveproxy[1531]: worker 1780301 finished
May 19 08:40:23 node2 pveproxy[1531]: worker 1780303 finished
May 19 08:40:23 node2 pveproxy[1531]: worker 1780302 finished
May 19 08:40:23 node2 pveproxy[1531]: server stopped
May 19 08:40:23 node2 systemd[1]: pve-ha-crm.service: Succeeded.
May 19 08:40:23 node2 systemd[1]: Stopped PVE Cluster HA Resource Manager Daemon.
May 19 08:40:23 node2 systemd[1]: pve-ha-crm.service: Consumed 1min 28.635s CPU time.
May 19 08:40:23 node2 watchdog-mux[1177]: got terminate request
May 19 08:40:23 node2 watchdog-mux[1177]: clean exit
May 19 08:40:23 node2 systemd[1]: Stopping System Logging Service...
May 19 08:40:23 node2 rsyslogd[1170]: [origin software="rsyslogd" swVersion="8.2102.0" x-pid="1170" x-info="https://www.rsyslog.com"] exiting on signal 15.
May 19 08:40:23 node2 systemd[1]: Stopping Proxmox VE watchdog multiplexer...
May 19 08:40:23 node2 systemd[1]: watchdog-mux.service: Succeeded.
May 19 08:40:23 node2 systemd[1]: Stopped Proxmox VE watchdog multiplexer.
May 19 08:40:23 node2 systemd[1]: watchdog-mux.service: Consumed 22.290s CPU time.
May 19 08:40:23 node2 systemd[1]: rsyslog.service: Succeeded.
May 19 08:40:23 node2 systemd[1]: Stopped System Logging Service.
May 19 08:40:24 node2 systemd[1]: pveproxy.service: Succeeded.
May 19 08:40:24 node2 systemd[1]: Stopped PVE API Proxy Server.
May 19 08:40:24 node2 systemd[1]: pveproxy.service: Consumed 11min 38.303s CPU time.
May 19 08:40:24 node2 systemd[1]: Stopped target PVE Storage Target.
May 19 08:40:24 node2 systemd[1]: Stopped target ceph target allowing to start/stop all ceph*@.service instances at once.
May 19 08:40:24 node2 systemd[1]: Stopped target ceph target allowing to start/stop all ceph-fuse@.service instances at once.
May 19 08:40:24 node2 systemd[1]: Stopping PVE API Daemon...
May 19 08:40:24 node2 systemd[1]: Stopping OpenBSD Secure Shell server...
May 19 08:40:24 node2 sshd[1290]: Received signal 15; terminating.
May 19 08:40:24 node2 systemd[1]: ssh.service: Succeeded.
May 19 08:40:24 node2 systemd[1]: Stopped OpenBSD Secure Shell server.
May 19 08:40:24 node2 systemd[1]: ssh.service: Consumed 2.508s CPU time.
May 19 08:40:24 node2 pvedaemon[1522]: received signal TERM
May 19 08:40:24 node2 pvedaemon[1522]: server closing
May 19 08:40:24 node2 pvedaemon[1524]: worker exit
May 19 08:40:24 node2 pvedaemon[1525]: worker exit
May 19 08:40:24 node2 pvedaemon[1523]: worker exit
May 19 08:40:24 node2 pvedaemon[1522]: worker 1524 finished
May 19 08:40:24 node2 pvedaemon[1522]: worker 1525 finished
May 19 08:40:24 node2 pvedaemon[1522]: worker 1523 finished
May 19 08:40:24 node2 pvedaemon[1522]: server stopped
May 19 08:40:25 node2 systemd[1]: pvedaemon.service: Succeeded.
May 19 08:40:25 node2 systemd[1]: Stopped PVE API Daemon.
May 19 08:40:25 node2 systemd[1]: pvedaemon.service: Consumed 2min 15.141s CPU time.
May 19 08:40:25 node2 systemd[1]: Stopping The Proxmox VE cluster filesystem...
May 19 08:40:25 node2 pmxcfs[1371]: [main] notice: teardown filesystem
May 19 08:40:26 node2 systemd[1]: etc-pve.mount: Succeeded.
May 19 08:40:26 node2 systemd[1]: Unmounted /etc/pve.
May 19 08:40:26 node2 pmxcfs[1371]: [main] notice: exit proxmox configuration filesystem (0)
May 19 08:40:26 node2 systemd[1]: pve-cluster.service: Succeeded.
May 19 08:40:26 node2 systemd[1]: Stopped The Proxmox VE cluster filesystem.
May 19 08:40:26 node2 systemd[1]: pve-cluster.service: Consumed 14min 43.875s CPU time.
May 19 08:40:26 node2 systemd[1]: Stopping LSB: start or stop rrdcached...
May 19 08:40:27 node2 rrdcached[2317041]: rrdcached has been stopped.
May 19 08:40:27 node2 systemd[1]: rrdcached.service: Succeeded.
May 19 08:40:27 node2 systemd[1]: Stopped LSB: start or stop rrdcached.
May 19 08:40:27 node2 systemd[1]: rrdcached.service: Consumed 3min 19.479s CPU time.
May 19 08:40:27 node2 systemd[1]: Stopped target Remote File Systems.
May 19 08:40:27 node2 systemd[1]: Stopped target Remote File Systems (Pre).
May 19 08:40:27 node2 systemd[1]: Stopped target NFS client services.
May 19 08:40:27 node2 systemd[1]: Stopped target System Time Synchronized.
May 19 08:40:27 node2 chronyd[1296]: chronyd exiting
May 19 08:40:27 node2 systemd[1]: Stopped target System Time Set.
May 19 08:40:27 node2 systemd[1]: Stopping chrony, an NTP client/server...
May 19 08:40:27 node2 systemd[1]: Stopping Login to default iSCSI targets...
May 19 08:40:27 node2 systemd[1]: chrony.service: Succeeded.
May 19 08:40:27 node2 systemd[1]: Stopped chrony, an NTP client/server.
May 19 08:40:27 node2 systemd[1]: chrony.service: Consumed 1.010s CPU time.
May 19 08:40:27 node2 systemd[1]: Stopped target Basic System.
May 19 08:40:27 node2 systemd[1]: Stopped target Paths.
May 19 08:40:27 node2 systemd[1]: Stopped target Slices.
May 19 08:40:27 node2 systemd[1]: Removed slice User and Session Slice.
May 19 08:40:27 node2 systemd[1]: user.slice: Consumed 37min 33.336s CPU time.
May 19 08:40:27 node2 systemd[1]: Stopped target Sockets.
May 19 08:40:27 node2 systemd[1]: dbus.socket: Succeeded.
May 19 08:40:27 node2 systemd[1]: Closed D-Bus System Message Bus Socket.
May 19 08:40:27 node2 systemd[1]: Stopped target System Initialization.
May 19 08:40:27 node2 systemd[1]: Stopped target Local Encrypted Volumes.
May 19 08:40:27 node2 systemd[1]: systemd-ask-password-console.path: Succeeded.
May 19 08:40:27 node2 systemd[1]: Stopped Dispatch Password Requests to Console Directory Watch.
May 19 08:40:27 node2 systemd[1]: systemd-ask-password-wall.path: Succeeded.
May 19 08:40:27 node2 systemd[1]: Stopped Forward Password Requests to Wall Directory Watch.
May 19 08:40:27 node2 systemd[1]: Stopped target Swap.
May 19 08:40:27 node2 systemd[1]: syslog.socket: Succeeded.
May 19 08:40:27 node2 systemd[1]: Closed Syslog Socket.
May 19 08:40:27 node2 systemd[1]: Stopping Update UTMP about System Boot/Shutdown...
May 19 08:40:27 node2 systemd[1]: systemd-update-utmp.service: Succeeded.
May 19 08:40:27 node2 systemd[1]: Stopped Update UTMP about System Boot/Shutdown.
May 19 08:40:27 node2 systemd[1]: systemd-tmpfiles-setup.service: Succeeded.
May 19 08:40:27 node2 systemd[1]: Stopped Create Volatile Files and Directories.
May 19 08:40:27 node2 logout-all.sh[2317086]: iscsiadm: No matching sessions found
May 19 08:40:27 node2 systemd[1]: open-iscsi.service: Succeeded.
May 19 08:40:27 node2 systemd[1]: Stopped Login to default iSCSI targets.
May 19 08:40:27 node2 systemd[1]: Stopping iSCSI initiator daemon (iscsid)...
May 19 08:40:28 node2 iscsid[1284]: iscsid shutting down.
May 19 08:40:28 node2 systemd[1]: iscsid.service: Succeeded.
May 19 08:40:28 node2 systemd[1]: Stopped iSCSI initiator daemon (iscsid).
May 19 08:40:28 node2 systemd[1]: iscsid.service: Consumed 17.184s CPU time.
May 19 08:40:28 node2 systemd[1]: Stopped target Network is Online.
May 19 08:40:28 node2 systemd[1]: Stopped target Network.
May 19 08:40:28 node2 systemd[1]: Stopping Network initialization...
May 19 08:40:28 node2 networking[2317088]: networking: Skipping deconfiguring network interfaces
May 19 08:40:28 node2 systemd[1]: networking.service: Succeeded.
May 19 08:40:28 node2 systemd[1]: Stopped Network initialization.
May 19 08:40:28 node2 systemd[1]: Stopped target Local File Systems.
May 19 08:40:28 node2 systemd[1]: Unmounting /boot/efi...
May 19 08:40:28 node2 systemd[1]: systemd-sysctl.service: Succeeded.
May 19 08:40:28 node2 systemd[1]: Stopped Apply Kernel Variables.
May 19 08:40:28 node2 systemd[1]: systemd-modules-load.service: Succeeded.
May 19 08:40:28 node2 systemd[1]: Stopped Load Kernel Modules.
May 19 08:40:28 node2 systemd[1]: boot-efi.mount: Succeeded.
May 19 08:40:28 node2 systemd[1]: Unmounted /boot/efi.
May 19 08:40:28 node2 systemd[1]: Reached target Unmount All Filesystems.
May 19 08:40:28 node2 systemd[1]: systemd-fsck@dev-disk-by\x2duuid-E9B0\x2dB3A4.service: Succeeded.
May 19 08:40:28 node2 systemd[1]: Stopped File System Check on /dev/disk/by-uuid/E9B0-B3A4.
May 19 08:40:28 node2 systemd[1]: Removed slice system-systemd\x2dfsck.slice.
May 19 08:40:28 node2 systemd[1]: Stopped target Local File Systems (Pre).
May 19 08:40:28 node2 systemd[1]: Stopping Monitoring of LVM2 mirrors, snapshots etc. using dmeventd or progress polling...
May 19 08:40:28 node2 systemd[1]: systemd-tmpfiles-setup-dev.service: Succeeded.
May 19 08:40:28 node2 systemd[1]: Stopped Create Static Device Nodes in /dev.
May 19 08:40:28 node2 systemd[1]: systemd-sysusers.service: Succeeded.
May 19 08:40:28 node2 systemd[1]: Stopped Create System Users.
May 19 08:40:28 node2 systemd[1]: systemd-remount-fs.service: Succeeded.
May 19 08:40:28 node2 systemd[1]: Stopped Remount Root and Kernel File Systems.
May 19 08:40:28 node2 lvm[2317092]:   8 logical volume(s) in volume group "pve" unmonitored
May 19 08:40:28 node2 dmeventd[754]: No longer monitoring thin pool pve-data-tpool.
May 19 08:40:28 node2 systemd[1]: lvm2-monitor.service: Succeeded.
May 19 08:40:28 node2 systemd[1]: Stopped Monitoring of LVM2 mirrors, snapshots etc. using dmeventd or progress polling.
May 19 08:40:28 node2 systemd[1]: Stopping Device-mapper event daemon...
May 19 08:40:28 node2 dmeventd[754]: dmeventd detected break while being idle for 0 second(s), exiting.
May 19 08:40:28 node2 dmeventd[754]: dmeventd shutting down.
May 19 08:40:28 node2 systemd[1]: dm-event.service: Succeeded.
May 19 08:40:28 node2 systemd[1]: Stopped Device-mapper event daemon.
May 19 08:40:28 node2 systemd[1]: dm-event.service: Consumed 51.227s CPU time.
May 19 08:40:28 node2 systemd[1]: Reached target Shutdown.
May 19 08:40:28 node2 systemd[1]: Reached target Final Step.
May 19 08:40:28 node2 systemd[1]: systemd-reboot.service: Succeeded.
May 19 08:40:28 node2 systemd[1]: Finished Reboot.
May 19 08:40:28 node2 systemd[1]: Reached target Reboot.
May 19 08:40:28 node2 systemd[1]: Shutting down.
May 19 08:40:28 node2 systemd[1]: Using hardware watchdog 'Software Watchdog', version 0, device /dev/watchdog
May 19 08:40:28 node2 systemd[1]: Set hardware watchdog to 10min.
May 19 08:40:28 node2 kernel: watchdog: watchdog0: watchdog did not stop!
May 19 08:40:28 node2 systemd-shutdown[1]: Syncing filesystems and block devices.
May 19 08:40:28 node2 systemd-shutdown[1]: Sending SIGTERM to remaining processes...
May 19 08:40:28 node2 systemd-journald[731]: Journal stopped
-- Boot 10d731c17b834c3b840365a074d9410a --
May 19 08:42:07 node2 kernel: Linux version 5.13.19-2-pve (build@proxmox) (gcc (Debian 10.2.1-6) 10.2.1 20210110, GNU ld (GNU Binutils for Debian) 2.35.2) #1 SMP PVE 5.13.19-4 (Mon, 29 Nov 2021 12:10:09 +0100) ()
May 19 08:42:07 node2 kernel: Command line: BOOT_IMAGE=/boot/vmlinuz-5.13.19-2-pve root=/dev/mapper/pve-root ro quiet
May 19 08:42:07 node2 kernel: KERNEL supported cpus:
May 19 08:42:07 node2 kernel:   Intel GenuineIntel
May 19 08:42:07 node2 kernel:   AMD AuthenticAMD
May 19 08:42:07 node2 kernel:   Hygon HygonGenuine
May 19 08:42:07 node2 kernel:   Centaur CentaurHauls
May 19 08:42:07 node2 kernel:   zhaoxin   Shanghai  
May 19 08:42:07 node2 kernel: x86/fpu: Supporting XSAVE feature 0x001: 'x87 floating point registers'
May 19 08:42:07 node2 kernel: x86/fpu: Supporting XSAVE feature 0x002: 'SSE registers'
May 19 08:42:07 node2 kernel: x86/fpu: Supporting XSAVE feature 0x004: 'AVX registers'
May 19 08:42:07 node2 kernel: x86/fpu: Supporting XSAVE feature 0x008: 'MPX bounds registers'
May 19 08:42:07 node2 kernel: x86/fpu: Supporting XSAVE feature 0x010: 'MPX CSR'
May 19 08:42:07 node2 kernel: x86/fpu: Supporting XSAVE feature 0x020: 'AVX-512 opmask'
May 19 08:42:07 node2 kernel: x86/fpu: Supporting XSAVE feature 0x040: 'AVX-512 Hi256'
May 19 08:42:07 node2 kernel: x86/fpu: Supporting XSAVE feature 0x080: 'AVX-512 ZMM_Hi256'
May 19 08:42:07 node2 kernel: x86/fpu: Supporting XSAVE feature 0x200: 'Protection Keys User registers'
May 19 08:42:07 node2 kernel: x86/fpu: xstate_offset[2]:  576, xstate_sizes[2]:  256
May 19 08:42:07 node2 kernel: x86/fpu: xstate_offset[3]:  832, xstate_sizes[3]:   64
May 19 08:42:07 node2 kernel: x86/fpu: xstate_offset[4]:  896, xstate_sizes[4]:   64
May 19 08:42:07 node2 kernel: x86/fpu: xstate_offset[5]:  960, xstate_sizes[5]:   64
May 19 08:42:07 node2 kernel: x86/fpu: xstate_offset[6]: 1024, xstate_sizes[6]:  512
May 19 08:42:07 node2 kernel: x86/fpu: xstate_offset[7]: 1536, xstate_sizes[7]: 1024
May 19 08:42:07 node2 kernel: x86/fpu: xstate_offset[9]: 2560, xstate_sizes[9]:    8
May 19 08:42:07 node2 kernel: x86/fpu: Enabled xstate features 0x2ff, context size is 2568 bytes, using 'compacted' format.
May 19 08:42:07 node2 kernel: BIOS-provided physical RAM map:
May 19 08:42:07 node2 kernel: BIOS-e820: [mem 0x0000000000000000-0x000000000009ffff] usable
May 19 08:42:07 node2 kernel: BIOS-e820: [mem 0x00000000000a0000-0x00000000000fffff] reserved
May 19 08:42:07 node2 kernel: BIOS-e820: [mem 0x0000000000100000-0x0000000048ccffff] usable
May 19 08:42:07 node2 kernel: BIOS-e820: [mem 0x0000000048cd0000-0x0000000050cd7fff] reserved
May 19 08:42:07 node2 kernel: BIOS-e820: [mem 0x0000000050cd8000-0x00000000682fefff] usable
May 19 08:42:07 node2 kernel: BIOS-e820: [mem 0x00000000682ff000-0x00000000683fefff] reserved
May 19 08:42:07 node2 kernel: BIOS-e820: [mem 0x00000000683ff000-0x0000000068bfefff] type 20
May 19 08:42:07 node2 kernel: BIOS-e820: [mem 0x0000000068bff000-0x000000006ebfefff] reserved
May 19 08:42:07 node2 kernel: BIOS-e820: [mem 0x000000006ebff000-0x000000006f9fefff] ACPI NVS
May 19 08:42:07 node2 kernel: BIOS-e820: [mem 0x000000006f9ff000-0x000000006fffefff] ACPI data
May 19 08:42:07 node2 kernel: BIOS-e820: [mem 0x000000006ffff000-0x000000006fffffff] usable
May 19 08:42:07 node2 kernel: BIOS-e820: [mem 0x0000000070000000-0x000000008fffffff] reserved
May 19 08:42:07 node2 kernel: BIOS-e820: [mem 0x00000000fe000000-0x00000000fe010fff] reserved
May 19 08:42:07 node2 kernel: BIOS-e820: [mem 0x0000000100000000-0x000000106fffffff] usable
May 19 08:42:07 node2 kernel: NX (Execute Disable) protection: active
May 19 08:42:07 node2 kernel: efi: EFI v2.70 by Dell Inc.
May 19 08:42:07 node2 kernel: efi: ACPI=0x6fffe000 ACPI 2.0=0x6fffe014 SMBIOS=0x68ebe000 SMBIOS 3.0=0x68ebc000 MEMATTR=0x65624020 
May 19 08:42:07 node2 kernel: secureboot: Secure boot could not be determined (mode 0)
May 19 08:42:07 node2 kernel: SMBIOS 3.2.0 present.
May 19 08:42:07 node2 kernel: DMI: Dell Inc. PowerEdge T440/021KCD, BIOS 2.18.1 03/07/2023
May 19 08:42:07 node2 kernel: tsc: Detected 2100.000 MHz processor
May 19 08:42:07 node2 kernel: e820: update [mem 0x00000000-0x00000fff] usable ==> reserved
May 19 08:42:07 node2 kernel: e820: remove [mem 0x000a0000-0x000fffff] usable
May 19 08:42:07 node2 kernel: last_pfn = 0x1070000 max_arch_pfn = 0x400000000
May 19 08:42:07 node2 kernel: x86/PAT: Configuration [0-7]: WB  WC  UC- UC  WB  WP  UC- WT  
May 19 08:42:07 node2 kernel: total RAM covered: 65216M
May 19 08:42:07 node2 kernel: Found optimal setting for mtrr clean up
May 19 08:42:07 node2 kernel:  gran_size: 64K         chunk_size: 512M         num_reg: 8          lose cover RAM: 0G
May 19 08:42:07 node2 kernel: e820: update [mem 0x70000000-0x73ffffff] usable ==> reserved
May 19 08:42:07 node2 kernel: e820: update [mem 0x80000000-0xffffffff] usable ==> reserved
May 19 08:42:07 node2 kernel: x2apic: enabled by BIOS, switching to x2apic ops
May 19 08:42:07 node2 kernel: last_pfn = 0x70000 max_arch_pfn = 0x400000000
May 19 08:42:07 node2 kernel: Using GB pages for direct mapping
May 19 08:42:07 node2 kernel: secureboot: Secure boot could not be determined (mode 0)
May 19 08:42:07 node2 kernel: RAMDISK: [mem 0x2fedc000-0x337a2fff]
May 19 08:42:07 node2 kernel: ACPI: Early table checksum verification disabled
May 19 08:42:07 node2 kernel: ACPI: RSDP 0x000000006FFFE014 000024 (v02 DELL  )
May 19 08:42:07 node2 kernel: ACPI: XSDT 0x000000006FC15188 0000EC (v01 DELL   PE_SC3   00000000      01000013)
May 19 08:42:07 node2 kernel: ACPI: FACP 0x000000006FFF9000 000114 (v06 DELL   PE_SC3   00000000 DELL 00000001)
May 19 08:42:07 node2 kernel: ACPI: DSDT 0x000000006FD01000 2E81B0 (v02 DELL   PE_SC3   00000003 DELL 00000001)
May 19 08:42:07 node2 kernel: ACPI: FACS 0x000000006F76E000 000040
May 19 08:42:07 node2 kernel: ACPI: SSDT 0x000000006FFFC000 00046C (v02 INTEL  ADDRXLAT 00000001 INTL 20180508)
May 19 08:42:07 node2 kernel: ACPI: WD__ 0x000000006FFFB000 000134 (v01 DELL   PE_SC3   00000001 DELL 00000001)
May 19 08:42:07 node2 kernel: ACPI: SLIC 0x000000006FFFA000 000024 (v01 DELL   PE_SC3   00000001 DELL 00000001)
May 19 08:42:07 node2 kernel: ACPI: HPET 0x000000006FFF8000 000038 (v01 DELL   PE_SC3   00000001 DELL 00000001)
May 19 08:42:07 node2 kernel: ACPI: APIC 0x000000006FFF6000 0016DE (v04 DELL   PE_SC3   00000000 DELL 00000001)
May 19 08:42:07 node2 kernel: ACPI: MCFG 0x000000006FFF5000 00003C (v01 DELL   PE_SC3   00000001 DELL 00000001)
May 19 08:42:07 node2 kernel: ACPI: MIGT 0x000000006FFF4000 000040 (v01 DELL   PE_SC3   00000000 DELL 00000001)
May 19 08:42:07 node2 kernel: ACPI: MSCT 0x000000006FFF3000 000090 (v01 DELL   PE_SC3   00000001 DELL 00000001)
May 19 08:42:07 node2 kernel: ACPI: PCAT 0x000000006FFF2000 000068 (v02 DELL   PE_SC3   00000002 DELL 00000001)
May 19 08:42:07 node2 kernel: ACPI: PCCT 0x000000006FFF1000 00006E (v01 DELL   PE_SC3   00000002 DELL 00000001)
May 19 08:42:07 node2 kernel: ACPI: RASF 0x000000006FFF0000 000030 (v01 DELL   PE_SC3   00000001 DELL 00000001)
May 19 08:42:07 node2 kernel: ACPI: SLIT 0x000000006FFEF000 00042C (v01 DELL   PE_SC3   00000001 DELL 00000001)
May 19 08:42:07 node2 kernel: ACPI: SRAT 0x000000006FFEC000 002D30 (v03 DELL   PE_SC3   00000002 DELL 00000001)
May 19 08:42:07 node2 kernel: ACPI: SVOS 0x000000006FFEB000 000032 (v01 DELL   PE_SC3   00000000 DELL 00000001)
May 19 08:42:07 node2 kernel: ACPI: WSMT 0x000000006FFEA000 000028 (v01 DELL   PE_SC3   00000000 DELL 00000001)
May 19 08:42:07 node2 kernel: ACPI: OEM4 0x000000006FC53000 0AD1C1 (v02 INTEL  CPU  CST 00003000 INTL 20180508)
May 19 08:42:07 node2 kernel: ACPI: SSDT 0x000000006FC1B000 037465 (v02 INTEL  SSDT  PM 00004000 INTL 20180508)
May 19 08:42:07 node2 kernel: ACPI: SSDT 0x000000006FC01000 000C94 (v02 DELL   PE_SC3   00000000 DELL 00000001)
May 19 08:42:07 node2 kernel: ACPI: SSDT 0x000000006FC17000 00357F (v02 INTEL  SpsNm    00000002 INTL 20180508)
May 19 08:42:07 node2 kernel: ACPI: DMAR 0x000000006FC16000 0000F8 (v01 DELL   PE_SC3   00000001 DELL 00000001)
May 19 08:42:07 node2 kernel: ACPI: HEST 0x000000006FFFD000 00017C (v01 DELL   PE_SC3   00000002 DELL 00000001)
May 19 08:42:07 node2 kernel: ACPI: BERT 0x000000006FC14000 000030 (v01 DELL   PE_SC3   00000002 DELL 00000001)
May 19 08:42:07 node2 kernel: ACPI: ERST 0x000000006FC13000 000230 (v01 DELL   PE_SC3   00000002 DELL 00000001)
May 19 08:42:07 node2 kernel: ACPI: EINJ 0x000000006FC12000 000150 (v01 DELL   PE_SC3   00000002 DELL 00000001)
May 19 08:42:07 node2 kernel: ACPI: Reserving FACP table memory at [mem 0x6fff9000-0x6fff9113]
May 19 08:42:07 node2 kernel: ACPI: Reserving DSDT table memory at [mem 0x6fd01000-0x6ffe91af]
May 19 08:42:07 node2 kernel: ACPI: Reserving FACS table memory at [mem 0x6f76e000-0x6f76e03f]
May 19 08:42:07 node2 kernel: ACPI: Reserving SSDT table memory at [mem 0x6fffc000-0x6fffc46b]
May 19 08:42:07 node2 kernel: ACPI: Reserving WD__ table memory at [mem 0x6fffb000-0x6fffb133]
May 19 08:42:07 node2 kernel: ACPI: Reserving SLIC table memory at [mem 0x6fffa000-0x6fffa023]
May 19 08:42:07 node2 kernel: ACPI: Reserving HPET table memory at [mem 0x6fff8000-0x6fff8037]
May 19 08:42:07 node2 kernel: ACPI: Reserving APIC table memory at [mem 0x6fff6000-0x6fff76dd]
May 19 08:42:07 node2 kernel: ACPI: Reserving MCFG table memory at [mem 0x6fff5000-0x6fff503b]
May 19 08:42:07 node2 kernel: ACPI: Reserving MIGT table memory at [mem 0x6fff4000-0x6fff403f]
May 19 08:42:07 node2 kernel: ACPI: Reserving MSCT table memory at [mem 0x6fff3000-0x6fff308f]
May 19 08:42:07 node2 kernel: ACPI: Reserving PCAT table memory at [mem 0x6fff2000-0x6fff2067]
May 19 08:42:07 node2 kernel: ACPI: Reserving PCCT table memory at [mem 0x6fff1000-0x6fff106d]
May 19 08:42:07 node2 kernel: ACPI: Reserving RASF table memory at [mem 0x6fff0000-0x6fff002f]
May 19 08:42:07 node2 kernel: ACPI: Reserving SLIT table memory at [mem 0x6ffef000-0x6ffef42b]
May 19 08:42:07 node2 kernel: ACPI: Reserving SRAT table memory at [mem 0x6ffec000-0x6ffeed2f]
May 19 08:42:07 node2 kernel: ACPI: Reserving SVOS table memory at [mem 0x6ffeb000-0x6ffeb031]
May 19 08:42:07 node2 kernel: ACPI: Reserving WSMT table memory at [mem 0x6ffea000-0x6ffea027]
May 19 08:42:07 node2 kernel: ACPI: Reserving OEM4 table memory at [mem 0x6fc53000-0x6fd001c0]
May 19 08:42:07 node2 kernel: ACPI: Reserving SSDT table memory at [mem 0x6fc1b000-0x6fc52464]
May 19 08:42:07 node2 kernel: ACPI: Reserving SSDT table memory at [mem 0x6fc01000-0x6fc01c93]
May 19 08:42:07 node2 kernel: ACPI: Reserving SSDT table memory at [mem 0x6fc17000-0x6fc1a57e]
May 19 08:42:07 node2 kernel: ACPI: Reserving DMAR table memory at [mem 0x6fc16000-0x6fc160f7]
May 19 08:42:07 node2 kernel: ACPI: Reserving HEST table memory at [mem 0x6fffd000-0x6fffd17b]
May 19 08:42:07 node2 kernel: ACPI: Reserving BERT table memory at [mem 0x6fc14000-0x6fc1402f]
May 19 08:42:07 node2 kernel: ACPI: Reserving ERST table memory at [mem 0x6fc13000-0x6fc1322f]
May 19 08:42:07 node2 kernel: ACPI: Reserving EINJ table memory at [mem 0x6fc12000-0x6fc1214f]
May 19 08:42:07 node2 kernel: ACPI: Local APIC address 0xfee00000
May 19 08:42:07 node2 kernel: Setting APIC routing to cluster x2apic.
May 19 08:42:07 node2 kernel: SRAT: PXM 0 -> APIC 0x0000 -> Node 0
May 19 08:42:07 node2 kernel: SRAT: PXM 0 -> APIC 0x000e -> Node 0
May 19 08:42:07 node2 kernel: SRAT: PXM 0 -> APIC 0x0002 -> Node 0
May 19 08:42:07 node2 kernel: SRAT: PXM 0 -> APIC 0x000c -> Node 0
May 19 08:42:07 node2 kernel: SRAT: PXM 0 -> APIC 0x0004 -> Node 0
May 19 08:42:07 node2 kernel: SRAT: PXM 0 -> APIC 0x000a -> Node 0
May 19 08:42:07 node2 kernel: SRAT: PXM 0 -> APIC 0x0006 -> Node 0
May 19 08:42:07 node2 kernel: SRAT: PXM 0 -> APIC 0x0008 -> Node 0
May 19 08:42:07 node2 kernel: SRAT: PXM 0 -> APIC 0x0001 -> Node 0
May 19 08:42:07 node2 kernel: SRAT: PXM 0 -> APIC 0x000f -> Node 0
May 19 08:42:07 node2 kernel: SRAT: PXM 0 -> APIC 0x0003 -> Node 0
May 19 08:42:07 node2 kernel: SRAT: PXM 0 -> APIC 0x000d -> Node 0
May 19 08:42:07 node2 kernel: SRAT: PXM 0 -> APIC 0x0005 -> Node 0
May 19 08:42:07 node2 kernel: SRAT: PXM 0 -> APIC 0x000b -> Node 0
May 19 08:42:07 node2 kernel: SRAT: PXM 0 -> APIC 0x0007 -> Node 0
May 19 08:42:07 node2 kernel: SRAT: PXM 0 -> APIC 0x0009 -> Node 0
May 19 08:42:07 node2 kernel: ACPI: SRAT: Node 0 PXM 0 [mem 0x00000000-0x7fffffff]
May 19 08:42:07 node2 kernel: ACPI: SRAT: Node 0 PXM 0 [mem 0x100000000-0xc6fffffff]
May 19 08:42:07 node2 kernel: ACPI: SRAT: Node 0 PXM 0 [mem 0xc70000000-0x106fffffff]
May 19 08:42:07 node2 kernel: NUMA: Initialized distance table, cnt=1
May 19 08:42:07 node2 kernel: NUMA: Node 0 [mem 0x00000000-0x7fffffff] + [mem 0x100000000-0xc6fffffff] -> [mem 0x00000000-0xc6fffffff]
May 19 08:42:07 node2 kernel: NUMA: Node 0 [mem 0x00000000-0xc6fffffff] + [mem 0xc70000000-0x106fffffff] -> [mem 0x00000000-0x106fffffff]
May 19 08:42:07 node2 kernel: NODE_DATA(0) allocated [mem 0x106ffd5000-0x106fffefff]
May 19 08:42:07 node2 kernel: Zone ranges:
May 19 08:42:07 node2 kernel:   DMA      [mem 0x0000000000001000-0x0000000000ffffff]
May 19 08:42:07 node2 kernel:   DMA32    [mem 0x0000000001000000-0x00000000ffffffff]
May 19 08:42:07 node2 kernel:   Normal   [mem 0x0000000100000000-0x000000106fffffff]
May 19 08:42:07 node2 kernel:   Device   empty
May 19 08:42:07 node2 kernel: Movable zone start for each node
May 19 08:42:07 node2 kernel: Early memory node ranges
May 19 08:42:07 node2 kernel:   node   0: [mem 0x0000000000001000-0x000000000009ffff]
May 19 08:42:07 node2 kernel:   node   0: [mem 0x0000000000100000-0x0000000048ccffff]
May 19 08:42:07 node2 kernel:   node   0: [mem 0x0000000050cd8000-0x00000000682fefff]
May 19 08:42:07 node2 kernel:   node   0: [mem 0x000000006ffff000-0x000000006fffffff]
May 19 08:42:07 node2 kernel:   node   0: [mem 0x0000000100000000-0x000000106fffffff]
May 19 08:42:07 node2 kernel: Initmem setup node 0 [mem 0x0000000000001000-0x000000106fffffff]
May 19 08:42:07 node2 kernel: On node 0 totalpages: 16581271
May 19 08:42:07 node2 kernel:   DMA zone: 64 pages used for memmap
May 19 08:42:07 node2 kernel:   DMA zone: 1183 pages reserved
May 19 08:42:07 node2 kernel:   DMA zone: 3999 pages, LIFO batch:0
May 19 08:42:07 node2 kernel:   DMA32 zone: 6092 pages used for memmap
May 19 08:42:07 node2 kernel:   DMA32 zone: 389880 pages, LIFO batch:63
May 19 08:42:07 node2 kernel:   Normal zone: 252928 pages used for memmap
May 19 08:42:07 node2 kernel:   Normal zone: 16187392 pages, LIFO batch:63
May 19 08:42:07 node2 kernel: On node 0, zone DMA: 1 pages in unavailable ranges
May 19 08:42:07 node2 kernel: On node 0, zone DMA: 96 pages in unavailable ranges
May 19 08:42:07 node2 kernel: On node 0, zone DMA32: 32776 pages in unavailable ranges
May 19 08:42:07 node2 kernel: On node 0, zone DMA32: 32000 pages in unavailable ranges
May 19 08:42:07 node2 kernel: ACPI: PM-Timer IO Port: 0x508
May 19 08:42:07 node2 kernel: ACPI: Local APIC address 0xfee00000
May 19 08:42:07 node2 kernel: ACPI: X2APIC_NMI (uid[0xffffffff] high level lint[0x1])
May 19 08:42:07 node2 kernel: ACPI: LAPIC_NMI (acpi_id[0xff] high level lint[0x1])
May 19 08:42:07 node2 kernel: IOAPIC[0]: apic_id 8, version 32, address 0xfec00000, GSI 0-23
May 19 08:42:07 node2 kernel: IOAPIC[1]: apic_id 9, version 32, address 0xfec01000, GSI 24-31
May 19 08:42:07 node2 kernel: IOAPIC[2]: apic_id 10, version 32, address 0xfec08000, GSI 32-39
May 19 08:42:07 node2 kernel: IOAPIC[3]: apic_id 11, version 32, address 0xfec10000, GSI 40-47
May 19 08:42:07 node2 kernel: IOAPIC[4]: apic_id 12, version 32, address 0xfec18000, GSI 48-55
May 19 08:42:07 node2 kernel: ACPI: INT_SRC_OVR (bus 0 bus_irq 0 global_irq 2 dfl dfl)
May 19 08:42:07 node2 kernel: ACPI: INT_SRC_OVR (bus 0 bus_irq 9 global_irq 9 high level)
May 19 08:42:07 node2 kernel: ACPI: IRQ0 used by override.
May 19 08:42:07 node2 kernel: ACPI: IRQ9 used by override.
May 19 08:42:07 node2 kernel: Using ACPI (MADT) for SMP configuration information
May 19 08:42:07 node2 kernel: ACPI: HPET id: 0x8086a701 base: 0xfed00000
May 19 08:42:07 node2 kernel: TSC deadline timer available
May 19 08:42:07 node2 kernel: smpboot: Allowing 16 CPUs, 0 hotplug CPUs
May 19 08:42:07 node2 kernel: PM: hibernation: Registered nosave memory: [mem 0x00000000-0x00000fff]
May 19 08:42:07 node2 kernel: PM: hibernation: Registered nosave memory: [mem 0x000a0000-0x000fffff]
May 19 08:42:07 node2 kernel: PM: hibernation: Registered nosave memory: [mem 0x48cd0000-0x50cd7fff]
May 19 08:42:07 node2 kernel: PM: hibernation: Registered nosave memory: [mem 0x682ff000-0x683fefff]
May 19 08:42:07 node2 kernel: PM: hibernation: Registered nosave memory: [mem 0x683ff000-0x68bfefff]
May 19 08:42:07 node2 kernel: PM: hibernation: Registered nosave memory: [mem 0x68bff000-0x6ebfefff]
May 19 08:42:07 node2 kernel: PM: hibernation: Registered nosave memory: [mem 0x6ebff000-0x6f9fefff]
May 19 08:42:07 node2 kernel: PM: hibernation: Registered nosave memory: [mem 0x6f9ff000-0x6fffefff]
May 19 08:42:07 node2 kernel: PM: hibernation: Registered nosave memory: [mem 0x70000000-0x8fffffff]
May 19 08:42:07 node2 kernel: PM: hibernation: Registered nosave memory: [mem 0x90000000-0xfdffffff]
May 19 08:42:07 node2 kernel: PM: hibernation: Registered nosave memory: [mem 0xfe000000-0xfe010fff]
May 19 08:42:07 node2 kernel: PM: hibernation: Registered nosave memory: [mem 0xfe011000-0xffffffff]
May 19 08:42:07 node2 kernel: [mem 0x90000000-0xfdffffff] available for PCI devices
May 19 08:42:07 node2 kernel: Booting paravirtualized kernel on bare hardware
May 19 08:42:07 node2 kernel: clocksource: refined-jiffies: mask: 0xffffffff max_cycles: 0xffffffff, max_idle_ns: 7645519600211568 ns
May 19 08:42:07 node2 kernel: setup_percpu: NR_CPUS:8192 nr_cpumask_bits:16 nr_cpu_ids:16 nr_node_ids:1
May 19 08:42:07 node2 kernel: percpu: Embedded 57 pages/cpu s196608 r8192 d28672 u262144
May 19 08:42:07 node2 kernel: pcpu-alloc: s196608 r8192 d28672 u262144 alloc=1*2097152
May 19 08:42:07 node2 kernel: pcpu-alloc: [0] 00 01 02 03 04 05 06 07 [0] 08 09 10 11 12 13 14 15 
May 19 08:42:07 node2 kernel: Built 1 zonelists, mobility grouping on.  Total pages: 16321004
May 19 08:42:07 node2 kernel: Policy zone: Normal
May 19 08:42:07 node2 kernel: Kernel command line: BOOT_IMAGE=/boot/vmlinuz-5.13.19-2-pve root=/dev/mapper/pve-root ro quiet
May 19 08:42:07 node2 kernel: Dentry cache hash table entries: 8388608 (order: 14, 67108864 bytes, linear)
May 19 08:42:07 node2 kernel: Inode-cache hash table entries: 4194304 (order: 13, 33554432 bytes, linear)
May 19 08:42:07 node2 kernel: mem auto-init: stack:off, heap alloc:on, heap free:off
May 19 08:42:07 node2 kernel: Memory: 64913908K/66325084K available (16393K kernel code, 3487K rwdata, 10016K rodata, 2848K init, 5800K bss, 1410916K reserved, 0K cma-reserved)
May 19 08:42:07 node2 kernel: random: get_random_u64 called from __kmem_cache_create+0x2d/0x4e0 with crng_init=0
May 19 08:42:07 node2 kernel: SLUB: HWalign=64, Order=0-3, MinObjects=0, CPUs=16, Nodes=1
May 19 08:42:07 node2 kernel: ftrace: allocating 47502 entries in 186 pages
May 19 08:42:07 node2 kernel: ftrace: allocated 186 pages with 5 groups
May 19 08:42:07 node2 kernel: rcu: Hierarchical RCU implementation.
May 19 08:42:07 node2 kernel: rcu:         RCU restricting CPUs from NR_CPUS=8192 to nr_cpu_ids=16.
May 19 08:42:07 node2 kernel:         Rude variant of Tasks RCU enabled.
May 19 08:42:07 node2 kernel:         Tracing variant of Tasks RCU enabled.
May 19 08:42:07 node2 kernel: rcu: RCU calculated value of scheduler-enlistment delay is 25 jiffies.
May 19 08:42:07 node2 kernel: rcu: Adjusting geometry for rcu_fanout_leaf=16, nr_cpu_ids=16
May 19 08:42:07 node2 kernel: NR_IRQS: 524544, nr_irqs: 1096, preallocated irqs: 16
May 19 08:42:07 node2 kernel: random: crng done (trusting CPU's manufacturer)
May 19 08:42:07 node2 kernel: Console: colour dummy device 80x25
May 19 08:42:07 node2 kernel: printk: console [tty0] enabled
May 19 08:42:07 node2 kernel: ACPI: Core revision 20210331
May 19 08:42:07 node2 kernel: clocksource: hpet: mask: 0xffffffff max_cycles: 0xffffffff, max_idle_ns: 79635855245 ns
May 19 08:42:07 node2 kernel: APIC: Switch to symmetric I/O mode setup
May 19 08:42:07 node2 kernel: DMAR: Host address width 46
May 19 08:42:07 node2 kernel: DMAR: DRHD base: 0x000000c5ffc000 flags: 0x0
May 19 08:42:07 node2 kernel: DMAR: dmar0: reg_base_addr c5ffc000 ver 1:0 cap 8d2078c106f0466 ecap f020df
May 19 08:42:07 node2 kernel: DMAR: DRHD base: 0x000000e0ffc000 flags: 0x0
May 19 08:42:07 node2 kernel: DMAR: dmar1: reg_base_addr e0ffc000 ver 1:0 cap 8d2078c106f0466 ecap f020df
May 19 08:42:07 node2 kernel: DMAR: DRHD base: 0x000000fbffc000 flags: 0x0
May 19 08:42:07 node2 kernel: DMAR: dmar2: reg_base_addr fbffc000 ver 1:0 cap 8d2078c106f0466 ecap f020df
May 19 08:42:07 node2 kernel: DMAR: DRHD base: 0x000000aaffc000 flags: 0x1
May 19 08:42:07 node2 kernel: DMAR: dmar3: reg_base_addr aaffc000 ver 1:0 cap 8d2078c106f0466 ecap f020df
May 19 08:42:07 node2 kernel: DMAR: RMRR base: 0x00000048cd0000 end: 0x00000050cd7fff
May 19 08:42:07 node2 kernel: DMAR: RMRR base: 0x0000006f760000 end: 0x0000006f762fff
May 19 08:42:07 node2 kernel: DMAR: [Firmware Bug]: No firmware reserved region can cover this RMRR [0x000000006f760000-0x000000006f762fff], contact BIOS vendor for fixes
May 19 08:42:07 node2 kernel: DMAR: [Firmware Bug]: Your BIOS is broken; bad RMRR [0x000000006f760000-0x000000006f762fff]
                              BIOS vendor: Dell Inc.; Ver: 2.18.1; Product Version: 
May 19 08:42:07 node2 kernel: DMAR: ATSR flags: 0x0
May 19 08:42:07 node2 kernel: DMAR-IR: IOAPIC id 12 under DRHD base  0xfbffc000 IOMMU 2
May 19 08:42:07 node2 kernel: DMAR-IR: IOAPIC id 11 under DRHD base  0xe0ffc000 IOMMU 1
May 19 08:42:07 node2 kernel: DMAR-IR: IOAPIC id 10 under DRHD base  0xc5ffc000 IOMMU 0
May 19 08:42:07 node2 kernel: DMAR-IR: IOAPIC id 8 under DRHD base  0xaaffc000 IOMMU 3
May 19 08:42:07 node2 kernel: DMAR-IR: IOAPIC id 9 under DRHD base  0xaaffc000 IOMMU 3
May 19 08:42:07 node2 kernel: DMAR-IR: HPET id 0 under DRHD base 0xaaffc000
May 19 08:42:07 node2 kernel: DMAR-IR: Queued invalidation will be enabled to support x2apic and Intr-remapping.
May 19 08:42:07 node2 kernel: DMAR-IR: Enabled IRQ remapping in x2apic mode
May 19 08:42:07 node2 kernel: ..TIMER: vector=0x30 apic1=0 pin1=2 apic2=-1 pin2=-1
May 19 08:42:07 node2 kernel: clocksource: tsc-early: mask: 0xffffffffffffffff max_cycles: 0x1e4530a99b6, max_idle_ns: 440795257976 ns
May 19 08:42:07 node2 kernel: Calibrating delay loop (skipped), value calculated using timer frequency.. 4200.00 BogoMIPS (lpj=8400000)
May 19 08:42:07 node2 kernel: pid_max: default: 32768 minimum: 301
May 19 08:42:07 node2 kernel: LSM: Security Framework initializing
May 19 08:42:07 node2 kernel: Yama: becoming mindful.
May 19 08:42:07 node2 kernel: AppArmor: AppArmor initialized
May 19 08:42:07 node2 kernel: Mount-cache hash table entries: 131072 (order: 8, 1048576 bytes, linear)
May 19 08:42:07 node2 kernel: Mountpoint-cache hash table entries: 131072 (order: 8, 1048576 bytes, linear)
May 19 08:42:07 node2 kernel: CPU0: Thermal monitoring enabled (TM1)
May 19 08:42:07 node2 kernel: process: using mwait in idle threads
May 19 08:42:07 node2 kernel: Last level iTLB entries: 4KB 64, 2MB 8, 4MB 8
May 19 08:42:07 node2 kernel: Last level dTLB entries: 4KB 64, 2MB 0, 4MB 0, 1GB 4
May 19 08:42:07 node2 kernel: Spectre V1 : Mitigation: usercopy/swapgs barriers and __user pointer sanitization
May 19 08:42:07 node2 kernel: Spectre V2 : Mitigation: Enhanced IBRS
May 19 08:42:07 node2 kernel: Spectre V2 : Spectre v2 / SpectreRSB mitigation: Filling RSB on context switch
May 19 08:42:07 node2 kernel: Spectre V2 : mitigation: Enabling conditional Indirect Branch Prediction Barrier
May 19 08:42:07 node2 kernel: Speculative Store Bypass: Mitigation: Speculative Store Bypass disabled via prctl and seccomp
May 19 08:42:07 node2 kernel: TAA: Mitigation: TSX disabled
May 19 08:42:07 node2 kernel: Freeing SMP alternatives memory: 40K
May 19 08:42:07 node2 kernel: smpboot: Estimated ratio of average max frequency by base frequency (times 1024): 1462
May 19 08:42:07 node2 kernel: smpboot: CPU0: Intel(R) Xeon(R) Silver 4208 CPU @ 2.10GHz (family: 0x6, model: 0x55, stepping: 0x7)
May 19 08:42:07 node2 kernel: Performance Events: PEBS fmt3+, Skylake events, 32-deep LBR, full-width counters, Intel PMU driver.
May 19 08:42:07 node2 kernel: ... version:                4
May 19 08:42:07 node2 kernel: ... bit width:              48
May 19 08:42:07 node2 kernel: ... generic registers:      4
May 19 08:42:07 node2 kernel: ... value mask:             0000ffffffffffff
May 19 08:42:07 node2 kernel: ... max period:             00007fffffffffff
May 19 08:42:07 node2 kernel: ... fixed-purpose events:   3
May 19 08:42:07 node2 kernel: ... event mask:             000000070000000f
May 19 08:42:07 node2 kernel: rcu: Hierarchical SRCU implementation.
May 19 08:42:07 node2 kernel: NMI watchdog: Enabled. Permanently consumes one hw-PMU counter.
May 19 08:42:07 node2 kernel: smp: Bringing up secondary CPUs ...
May 19 08:42:07 node2 kernel: x86: Booting SMP configuration:
May 19 08:42:07 node2 kernel: .... node  #0, CPUs:        #1  #2  #3  #4  #5  #6  #7  #8  #9 #10 #11 #12 #13 #14 #15
May 19 08:42:07 node2 kernel: smp: Brought up 1 node, 16 CPUs
May 19 08:42:07 node2 kernel: smpboot: Max logical packages: 1
May 19 08:42:07 node2 kernel: smpboot: Total of 16 processors activated (67200.00 BogoMIPS)
May 19 08:42:07 node2 kernel: devtmpfs: initialized
May 19 08:42:07 node2 kernel: x86/mm: Memory block size: 2048MB
May 19 08:42:07 node2 kernel: PM: Registering ACPI NVS region [mem 0x6ebff000-0x6f9fefff] (14680064 bytes)
May 19 08:42:07 node2 kernel: clocksource: jiffies: mask: 0xffffffff max_cycles: 0xffffffff, max_idle_ns: 7645041785100000 ns
May 19 08:42:07 node2 kernel: futex hash table entries: 4096 (order: 6, 262144 bytes, linear)
May 19 08:42:07 node2 kernel: pinctrl core: initialized pinctrl subsystem
May 19 08:42:07 node2 kernel: PM: RTC time: 01:41:48, date: 2023-05-19
May 19 08:42:07 node2 kernel: NET: Registered protocol family 16
May 19 08:42:07 node2 kernel: DMA: preallocated 4096 KiB GFP_KERNEL pool for atomic allocations
May 19 08:42:07 node2 kernel: DMA: preallocated 4096 KiB GFP_KERNEL|GFP_DMA pool for atomic allocations
May 19 08:42:07 node2 kernel: DMA: preallocated 4096 KiB GFP_KERNEL|GFP_DMA32 pool for atomic allocations
May 19 08:42:07 node2 kernel: audit: initializing netlink subsys (disabled)
May 19 08:42:07 node2 kernel: audit: type=2000 audit(1684460508.096:1): state=initialized audit_enabled=0 res=1
May 19 08:42:07 node2 kernel: thermal_sys: Registered thermal governor 'fair_share'
May 19 08:42:07 node2 kernel: thermal_sys: Registered thermal governor 'bang_bang'
May 19 08:42:07 node2 kernel: thermal_sys: Registered thermal governor 'step_wise'
May 19 08:42:07 node2 kernel: thermal_sys: Registered thermal governor 'user_space'
May 19 08:42:07 node2 kernel: thermal_sys: Registered thermal governor 'power_allocator'
May 19 08:42:07 node2 kernel: EISA bus registered
May 19 08:42:07 node2 kernel: cpuidle: using governor ladder
May 19 08:42:07 node2 kernel: cpuidle: using governor menu
May 19 08:42:07 node2 kernel: Detected 1 PCC Subspaces
May 19 08:42:07 node2 kernel: Registering PCC driver as Mailbox controller
May 19 08:42:07 node2 kernel: ACPI FADT declares the system doesn't support PCIe ASPM, so disable it
May 19 08:42:07 node2 kernel: ACPI: bus type PCI registered
May 19 08:42:07 node2 kernel: acpiphp: ACPI Hot Plug PCI Controller Driver version: 0.5
May 19 08:42:07 node2 kernel: PCI: MMCONFIG for domain 0000 [bus 00-ff] at [mem 0x80000000-0x8fffffff] (base 0x80000000)
May 19 08:42:07 node2 kernel: PCI: MMCONFIG at [mem 0x80000000-0x8fffffff] reserved in E820
May 19 08:42:07 node2 kernel: PCI: Using configuration type 1 for base access
May 19 08:42:07 node2 kernel: PCI: Dell System detected, enabling pci=bfsort.
May 19 08:42:07 node2 kernel: Kprobes globally optimized
May 19 08:42:07 node2 kernel: HugeTLB registered 1.00 GiB page size, pre-allocated 0 pages
May 19 08:42:07 node2 kernel: HugeTLB registered 2.00 MiB page size, pre-allocated 0 pages
May 19 08:42:07 node2 kernel: fbcon: Taking over console
May 19 08:42:07 node2 kernel: ACPI: Added _OSI(Module Device)
May 19 08:42:07 node2 kernel: ACPI: Added _OSI(Processor Device)
May 19 08:42:07 node2 kernel: ACPI: Added _OSI(3.0 _SCP Extensions)
May 19 08:42:07 node2 kernel: ACPI: Added _OSI(Processor Aggregator Device)
May 19 08:42:07 node2 kernel: ACPI: Added _OSI(Linux-Dell-Video)
May 19 08:42:07 node2 kernel: ACPI: Added _OSI(Linux-Lenovo-NV-HDMI-Audio)
May 19 08:42:07 node2 kernel: ACPI: Added _OSI(Linux-HPI-Hybrid-Graphics)
May 19 08:42:07 node2 kernel: ACPI: 5 ACPI AML tables successfully acquired and loaded
May 19 08:42:07 node2 kernel: ACPI: [Firmware Bug]: BIOS _OSI(Linux) query ignored
May 19 08:42:07 node2 kernel: ACPI: Dynamic OEM Table Load:
May 19 08:42:07 node2 kernel: ACPI: Interpreter enabled
May 19 08:42:07 node2 kernel: ACPI: (supports S0 S5)
May 19 08:42:07 node2 kernel: ACPI: Using IOAPIC for interrupt routing
May 19 08:42:07 node2 kernel: HEST: Table parsing has been initialized.
May 19 08:42:07 node2 kernel: PCI: Using host bridge windows from ACPI; if necessary, use "pci=nocrs" and report a bug
May 19 08:42:07 node2 kernel: ACPI: Enabled 5 GPEs in block 00 to 7F
May 19 08:42:07 node2 kernel: ACPI: PCI Root Bridge [PC00] (domain 0000 [bus 00-15])
May 19 08:42:07 node2 kernel: acpi PNP0A08:00: _OSC: OS supports [ExtendedConfig ASPM ClockPM Segments MSI HPX-Type3]
May 19 08:42:07 node2 kernel: acpi PNP0A08:00: _OSC: platform does not support [SHPCHotplug AER LTR]
May 19 08:42:07 node2 kernel: acpi PNP0A08:00: _OSC: OS now controls [PCIeHotplug PME PCIeCapability]
May 19 08:42:07 node2 kernel: acpi PNP0A08:00: FADT indicates ASPM is unsupported, using BIOS configuration
May 19 08:42:07 node2 kernel: PCI host bridge to bus 0000:00
May 19 08:42:07 node2 kernel: pci_bus 0000:00: root bus resource [io  0x0000-0x0cf7 window]
May 19 08:42:07 node2 kernel: pci_bus 0000:00: root bus resource [io  0x1000-0x3fff window]
May 19 08:42:07 node2 kernel: pci_bus 0000:00: root bus resource [mem 0x000a0000-0x000bffff window]
May 19 08:42:07 node2 kernel: pci_bus 0000:00: root bus resource [mem 0x000c4000-0x000c7fff window]
May 19 08:42:07 node2 kernel: pci_bus 0000:00: root bus resource [mem 0xfe010000-0xfe010fff window]
May 19 08:42:07 node2 kernel: pci_bus 0000:00: root bus resource [mem 0x90000000-0xaaffffff window]
May 19 08:42:07 node2 kernel: pci_bus 0000:00: root bus resource [mem 0x380000000000-0x383fffffffff window]
May 19 08:42:07 node2 kernel: pci_bus 0000:00: root bus resource [bus 00-15]
May 19 08:42:07 node2 kernel: pci 0000:00:00.0: [8086:2020] type 00 class 0x060000
May 19 08:42:07 node2 kernel: pci 0000:00:05.0: [8086:2024] type 00 class 0x088000
May 19 08:42:07 node2 kernel: pci 0000:00:05.2: [8086:2025] type 00 class 0x088000
May 19 08:42:07 node2 kernel: pci 0000:00:05.4: [8086:2026] type 00 class 0x080020
May 19 08:42:07 node2 kernel: pci 0000:00:05.4: reg 0x10: [mem 0x93020000-0x93020fff]
May 19 08:42:07 node2 kernel: pci 0000:00:08.0: [8086:2014] type 00 class 0x088000
May 19 08:42:07 node2 kernel: pci 0000:00:08.1: [8086:2015] type 00 class 0x110100
May 19 08:42:07 node2 kernel: pci 0000:00:08.2: [8086:2016] type 00 class 0x088000
May 19 08:42:07 node2 kernel: pci 0000:00:11.0: [8086:a1ec] type 00 class 0xff0000
May 19 08:42:07 node2 kernel: pci 0000:00:11.0: device has non-compliant BARs; disabling IO/MEM decoding
May 19 08:42:07 node2 kernel: pci 0000:00:11.5: [8086:a1d2] type 00 class 0x010601
May 19 08:42:07 node2 kernel: pci 0000:00:11.5: reg 0x10: [mem 0x93016000-0x93017fff]
May 19 08:42:07 node2 kernel: pci 0000:00:11.5: reg 0x14: [mem 0x9301f000-0x9301f0ff]
May 19 08:42:07 node2 kernel: pci 0000:00:11.5: reg 0x18: [io  0x2068-0x206f]
May 19 08:42:07 node2 kernel: pci 0000:00:11.5: reg 0x1c: [io  0x2074-0x2077]
May 19 08:42:07 node2 kernel: pci 0000:00:11.5: reg 0x20: [io  0x2040-0x205f]
May 19 08:42:07 node2 kernel: pci 0000:00:11.5: reg 0x24: [mem 0x92f80000-0x92ffffff]
May 19 08:42:07 node2 kernel: pci 0000:00:11.5: PME# supported from D3hot
May 19 08:42:07 node2 kernel: pci 0000:00:14.0: [8086:a1af] type 00 class 0x0c0330
May 19 08:42:07 node2 kernel: pci 0000:00:14.0: reg 0x10: [mem 0x93000000-0x9300ffff 64bit]
May 19 08:42:07 node2 kernel: pci 0000:00:14.0: PME# supported from D3hot D3cold
May 19 08:42:07 node2 kernel: pci 0000:00:14.2: [8086:a1b1] type 00 class 0x118000
May 19 08:42:07 node2 kernel: pci 0000:00:14.2: reg 0x10: [mem 0x9301c000-0x9301cfff 64bit]
May 19 08:42:07 node2 kernel: pci 0000:00:16.0: [8086:a1ba] type 00 class 0x078000
May 19 08:42:07 node2 kernel: pci 0000:00:16.0: reg 0x10: [mem 0x9301b000-0x9301bfff 64bit]
May 19 08:42:07 node2 kernel: pci 0000:00:16.0: PME# supported from D3hot
May 19 08:42:07 node2 kernel: pci 0000:00:16.1: [8086:a1bb] type 00 class 0x078000
May 19 08:42:07 node2 kernel: pci 0000:00:16.1: reg 0x10: [mem 0x9301a000-0x9301afff 64bit]
May 19 08:42:07 node2 kernel: pci 0000:00:16.1: PME# supported from D3hot
May 19 08:42:07 node2 kernel: pci 0000:00:16.4: [8086:a1be] type 00 class 0x078000
May 19 08:42:07 node2 kernel: pci 0000:00:16.4: reg 0x10: [mem 0x93019000-0x93019fff 64bit]
May 19 08:42:07 node2 kernel: pci 0000:00:16.4: PME# supported from D3hot
May 19 08:42:07 node2 kernel: pci 0000:00:17.0: [8086:a182] type 00 class 0x010601
May 19 08:42:07 node2 kernel: pci 0000:00:17.0: reg 0x10: [mem 0x93014000-0x93015fff]
May 19 08:42:07 node2 kernel: pci 0000:00:17.0: reg 0x14: [mem 0x9301e000-0x9301e0ff]
May 19 08:42:07 node2 kernel: pci 0000:00:17.0: reg 0x18: [io  0x2060-0x2067]
May 19 08:42:07 node2 kernel: pci 0000:00:17.0: reg 0x1c: [io  0x2070-0x2073]
May 19 08:42:07 node2 kernel: pci 0000:00:17.0: reg 0x20: [io  0x2020-0x203f]
May 19 08:42:07 node2 kernel: pci 0000:00:17.0: reg 0x24: [mem 0x92f00000-0x92f7ffff]
May 19 08:42:07 node2 kernel: pci 0000:00:17.0: PME# supported from D3hot
May 19 08:42:07 node2 kernel: pci 0000:00:1c.0: [8086:a190] type 01 class 0x060400
May 19 08:42:07 node2 kernel: pci 0000:00:1c.0: PME# supported from D0 D3hot D3cold
May 19 08:42:07 node2 kernel: pci 0000:00:1c.4: [8086:a194] type 01 class 0x060400
May 19 08:42:07 node2 kernel: pci 0000:00:1c.4: PME# supported from D0 D3hot D3cold
May 19 08:42:07 node2 kernel: pci 0000:00:1c.5: [8086:a195] type 01 class 0x060400
May 19 08:42:07 node2 kernel: pci 0000:00:1c.5: PME# supported from D0 D3hot D3cold
May 19 08:42:07 node2 kernel: pci 0000:00:1f.0: [8086:a1c1] type 00 class 0x060100
May 19 08:42:07 node2 kernel: pci 0000:00:1f.2: [8086:a1a1] type 00 class 0x058000
May 19 08:42:07 node2 kernel: pci 0000:00:1f.2: reg 0x10: [mem 0x93010000-0x93013fff]
May 19 08:42:07 node2 kernel: pci 0000:00:1f.4: [8086:a1a3] type 00 class 0x0c0500
May 19 08:42:07 node2 kernel: pci 0000:00:1f.4: reg 0x10: [mem 0x93018000-0x930180ff 64bit]
May 19 08:42:07 node2 kernel: pci 0000:00:1f.4: reg 0x20: [io  0x2000-0x201f]
May 19 08:42:07 node2 kernel: pci 0000:00:1f.5: [8086:a1a4] type 00 class 0x0c8000
May 19 08:42:07 node2 kernel: pci 0000:00:1f.5: reg 0x10: [mem 0xfe010000-0xfe010fff]
May 19 08:42:07 node2 kernel: pci 0000:00:1c.0: PCI bridge to [bus 01]
May 19 08:42:07 node2 kernel: pci 0000:00:1c.0:   bridge window [mem 0x92a00000-0x92dfffff]
May 19 08:42:07 node2 kernel: pci 0000:02:00.0: [1556:be00] type 01 class 0x060400
May 19 08:42:07 node2 kernel: pci 0000:00:1c.4: PCI bridge to [bus 02-03]
May 19 08:42:07 node2 kernel: pci 0000:00:1c.4:   bridge window [mem 0x92000000-0x928fffff]
May 19 08:42:07 node2 kernel: pci 0000:00:1c.4:   bridge window [mem 0x91000000-0x91ffffff 64bit pref]
May 19 08:42:07 node2 kernel: pci_bus 0000:03: extended config space not accessible
May 19 08:42:07 node2 kernel: pci 0000:03:00.0: [102b:0536] type 00 class 0x030000
May 19 08:42:07 node2 kernel: pci 0000:03:00.0: reg 0x10: [mem 0x91000000-0x91ffffff pref]
May 19 08:42:07 node2 kernel: pci 0000:03:00.0: reg 0x14: [mem 0x92808000-0x9280bfff]
May 19 08:42:07 node2 kernel: pci 0000:03:00.0: reg 0x18: [mem 0x92000000-0x927fffff]
May 19 08:42:07 node2 kernel: pci 0000:03:00.0: BAR 0: assigned to efifb
May 19 08:42:07 node2 kernel: pci 0000:02:00.0: PCI bridge to [bus 03]
May 19 08:42:07 node2 kernel: pci 0000:02:00.0:   bridge window [mem 0x92000000-0x928fffff]
May 19 08:42:07 node2 kernel: pci 0000:02:00.0:   bridge window [mem 0x91000000-0x91ffffff 64bit pref]
May 19 08:42:07 node2 kernel: pci 0000:04:00.0: [14e4:165f] type 00 class 0x020000
May 19 08:42:07 node2 kernel: pci 0000:04:00.0: reg 0x10: [mem 0x92e30000-0x92e3ffff 64bit pref]
May 19 08:42:07 node2 kernel: pci 0000:04:00.0: reg 0x18: [mem 0x92e40000-0x92e4ffff 64bit pref]
May 19 08:42:07 node2 kernel: pci 0000:04:00.0: reg 0x20: [mem 0x92e50000-0x92e5ffff 64bit pref]
May 19 08:42:07 node2 kernel: pci 0000:04:00.0: reg 0x30: [mem 0xfffc0000-0xffffffff pref]
May 19 08:42:07 node2 kernel: pci 0000:04:00.0: PME# supported from D0 D3hot D3cold
May 19 08:42:07 node2 kernel: pci 0000:04:00.0: 4.000 Gb/s available PCIe bandwidth, limited by 5.0 GT/s PCIe x1 link at 0000:00:1c.5 (capable of 8.000 Gb/s with 5.0 GT/s PCIe x2 link)
May 19 08:42:07 node2 kernel: pci 0000:04:00.1: [14e4:165f] type 00 class 0x020000
May 19 08:42:07 node2 kernel: pci 0000:04:00.1: reg 0x10: [mem 0x92e00000-0x92e0ffff 64bit pref]
May 19 08:42:07 node2 kernel: pci 0000:04:00.1: reg 0x18: [mem 0x92e10000-0x92e1ffff 64bit pref]
May 19 08:42:07 node2 kernel: pci 0000:04:00.1: reg 0x20: [mem 0x92e20000-0x92e2ffff 64bit pref]
May 19 08:42:07 node2 kernel: pci 0000:04:00.1: reg 0x30: [mem 0xfffc0000-0xffffffff pref]
May 19 08:42:07 node2 kernel: pci 0000:04:00.1: PME# supported from D0 D3hot D3cold
May 19 08:42:07 node2 kernel: pci 0000:00:1c.5: PCI bridge to [bus 04]
May 19 08:42:07 node2 kernel: pci 0000:00:1c.5:   bridge window [mem 0x92e00000-0x92efffff 64bit pref]
May 19 08:42:07 node2 kernel: pci_bus 0000:00: on NUMA node 0
May 19 08:42:07 node2 kernel: ACPI: PCI: Interrupt link LNKA configured for IRQ 11
May 19 08:42:07 node2 kernel: ACPI: PCI: Interrupt link LNKB configured for IRQ 6
May 19 08:42:07 node2 kernel: ACPI: PCI: Interrupt link LNKC configured for IRQ 5
May 19 08:42:07 node2 kernel: ACPI: PCI: Interrupt link LNKD configured for IRQ 11
May 19 08:42:07 node2 kernel: ACPI: PCI: Interrupt link LNKE configured for IRQ 11
May 19 08:42:07 node2 kernel: ACPI: PCI: Interrupt link LNKF configured for IRQ 6
May 19 08:42:07 node2 kernel: ACPI: PCI: Interrupt link LNKG configured for IRQ 5
May 19 08:42:07 node2 kernel: ACPI: PCI: Interrupt link LNKH configured for IRQ 11
May 19 08:42:07 node2 kernel: ACPI: PCI Root Bridge [PC01] (domain 0000 [bus 16-63])
May 19 08:42:07 node2 kernel: acpi PNP0A08:01: _OSC: OS supports [ExtendedConfig ASPM ClockPM Segments MSI HPX-Type3]
May 19 08:42:07 node2 kernel: acpi PNP0A08:01: _OSC: platform does not support [SHPCHotplug AER LTR]
May 19 08:42:07 node2 kernel: acpi PNP0A08:01: _OSC: OS now controls [PCIeHotplug PME PCIeCapability]
May 19 08:42:07 node2 kernel: acpi PNP0A08:01: FADT indicates ASPM is unsupported, using BIOS configuration
May 19 08:42:07 node2 kernel: PCI host bridge to bus 0000:16
May 19 08:42:07 node2 kernel: pci_bus 0000:16: root bus resource [io  0x4000-0x7fff window]
May 19 08:42:07 node2 kernel: pci_bus 0000:16: root bus resource [mem 0xab000000-0xc5ffffff window]
May 19 08:42:07 node2 kernel: pci_bus 0000:16: root bus resource [mem 0x384000000000-0x387fffffffff window]
May 19 08:42:07 node2 kernel: pci_bus 0000:16: root bus resource [bus 16-63]
May 19 08:42:07 node2 kernel: pci 0000:16:05.0: [8086:2034] type 00 class 0x088000
May 19 08:42:07 node2 kernel: pci 0000:16:05.2: [8086:2035] type 00 class 0x088000
May 19 08:42:07 node2 kernel: pci 0000:16:05.4: [8086:2036] type 00 class 0x080020
May 19 08:42:07 node2 kernel: pci 0000:16:05.4: reg 0x10: [mem 0xab000000-0xab000fff]
May 19 08:42:07 node2 kernel: pci 0000:16:08.0: [8086:208d] type 00 class 0x088000
May 19 08:42:07 node2 kernel: pci 0000:16:08.1: [8086:208d] type 00 class 0x088000
May 19 08:42:07 node2 kernel: pci 0000:16:08.2: [8086:208d] type 00 class 0x088000
May 19 08:42:07 node2 kernel: pci 0000:16:08.3: [8086:208d] type 00 class 0x088000
May 19 08:42:07 node2 kernel: pci 0000:16:08.4: [8086:208d] type 00 class 0x088000
May 19 08:42:07 node2 kernel: pci 0000:16:08.5: [8086:208d] type 00 class 0x088000
May 19 08:42:07 node2 kernel: pci 0000:16:08.6: [8086:208d] type 00 class 0x088000
May 19 08:42:07 node2 kernel: pci 0000:16:08.7: [8086:208d] type 00 class 0x088000
May 19 08:42:07 node2 kernel: pci 0000:16:09.0: [8086:208d] type 00 class 0x088000
May 19 08:42:07 node2 kernel: pci 0000:16:09.1: [8086:208d] type 00 class 0x088000
May 19 08:42:07 node2 kernel: pci 0000:16:0e.0: [8086:208e] type 00 class 0x088000
May 19 08:42:07 node2 kernel: pci 0000:16:0e.1: [8086:208e] type 00 class 0x088000
May 19 08:42:07 node2 kernel: pci 0000:16:0e.2: [8086:208e] type 00 class 0x088000
May 19 08:42:07 node2 kernel: pci 0000:16:0e.3: [8086:208e] type 00 class 0x088000
May 19 08:42:07 node2 kernel: pci 0000:16:0e.4: [8086:208e] type 00 class 0x088000
May 19 08:42:07 node2 kernel: pci 0000:16:0e.5: [8086:208e] type 00 class 0x088000
May 19 08:42:07 node2 kernel: pci 0000:16:0e.6: [8086:208e] type 00 class 0x088000
May 19 08:42:07 node2 kernel: pci 0000:16:0e.7: [8086:208e] type 00 class 0x088000
May 19 08:42:07 node2 kernel: pci 0000:16:0f.0: [8086:208e] type 00 class 0x088000
May 19 08:42:07 node2 kernel: pci 0000:16:0f.1: [8086:208e] type 00 class 0x088000
May 19 08:42:07 node2 kernel: pci 0000:16:1d.0: [8086:2054] type 00 class 0x088000
May 19 08:42:07 node2 kernel: pci 0000:16:1d.1: [8086:2055] type 00 class 0x088000
May 19 08:42:07 node2 kernel: pci 0000:16:1d.2: [8086:2056] type 00 class 0x088000
May 19 08:42:07 node2 kernel: pci 0000:16:1d.3: [8086:2057] type 00 class 0x088000
May 19 08:42:07 node2 kernel: pci 0000:16:1e.0: [8086:2080] type 00 class 0x088000
May 19 08:42:07 node2 kernel: pci 0000:16:1e.1: [8086:2081] type 00 class 0x088000
May 19 08:42:07 node2 kernel: pci 0000:16:1e.2: [8086:2082] type 00 class 0x088000
May 19 08:42:07 node2 kernel: pci 0000:16:1e.3: [8086:2083] type 00 class 0x088000
May 19 08:42:07 node2 kernel: pci 0000:16:1e.4: [8086:2084] type 00 class 0x088000
May 19 08:42:07 node2 kernel: pci 0000:16:1e.5: [8086:2085] type 00 class 0x088000
May 19 08:42:07 node2 kernel: pci 0000:16:1e.6: [8086:2086] type 00 class 0x088000
May 19 08:42:07 node2 kernel: pci_bus 0000:16: on NUMA node 0
May 19 08:42:07 node2 kernel: ACPI: PCI Root Bridge [PC02] (domain 0000 [bus 64-b1])
May 19 08:42:07 node2 kernel: acpi PNP0A08:02: _OSC: OS supports [ExtendedConfig ASPM ClockPM Segments MSI HPX-Type3]
May 19 08:42:07 node2 kernel: acpi PNP0A08:02: _OSC: platform does not support [SHPCHotplug AER LTR]
May 19 08:42:07 node2 kernel: acpi PNP0A08:02: _OSC: OS now controls [PCIeHotplug PME PCIeCapability]
May 19 08:42:07 node2 kernel: acpi PNP0A08:02: FADT indicates ASPM is unsupported, using BIOS configuration
May 19 08:42:07 node2 kernel: PCI host bridge to bus 0000:64
May 19 08:42:07 node2 kernel: pci_bus 0000:64: root bus resource [io  0x8000-0xbfff window]
May 19 08:42:07 node2 kernel: pci_bus 0000:64: root bus resource [mem 0xc6000000-0xe0ffffff window]
May 19 08:42:07 node2 kernel: pci_bus 0000:64: root bus resource [mem 0x388000000000-0x38bfffffffff window]
May 19 08:42:07 node2 kernel: pci_bus 0000:64: root bus resource [bus 64-b1]
May 19 08:42:07 node2 kernel: pci 0000:64:05.0: [8086:2034] type 00 class 0x088000
May 19 08:42:07 node2 kernel: pci 0000:64:05.2: [8086:2035] type 00 class 0x088000
May 19 08:42:07 node2 kernel: pci 0000:64:05.4: [8086:2036] type 00 class 0x080020
May 19 08:42:07 node2 kernel: pci 0000:64:05.4: reg 0x10: [mem 0xc6000000-0xc6000fff]
May 19 08:42:07 node2 kernel: pci 0000:64:08.0: [8086:2066] type 00 class 0x088000
May 19 08:42:07 node2 kernel: pci 0000:64:09.0: [8086:2066] type 00 class 0x088000
May 19 08:42:07 node2 kernel: pci 0000:64:0a.0: [8086:2040] type 00 class 0x088000
May 19 08:42:07 node2 kernel: pci 0000:64:0a.1: [8086:2041] type 00 class 0x088000
May 19 08:42:07 node2 kernel: pci 0000:64:0a.2: [8086:2042] type 00 class 0x088000
May 19 08:42:07 node2 kernel: pci 0000:64:0a.3: [8086:2043] type 00 class 0x088000
May 19 08:42:07 node2 kernel: pci 0000:64:0a.4: [8086:2044] type 00 class 0x088000
May 19 08:42:07 node2 kernel: pci 0000:64:0a.5: [8086:2045] type 00 class 0x088000
May 19 08:42:07 node2 kernel: pci 0000:64:0a.6: [8086:2046] type 00 class 0x088000
May 19 08:42:07 node2 kernel: pci 0000:64:0a.7: [8086:2047] type 00 class 0x088000
May 19 08:42:07 node2 kernel: pci 0000:64:0b.0: [8086:2048] type 00 class 0x088000
May 19 08:42:07 node2 kernel: pci 0000:64:0b.1: [8086:2049] type 00 class 0x088000
May 19 08:42:07 node2 kernel: pci 0000:64:0b.2: [8086:204a] type 00 class 0x088000
May 19 08:42:07 node2 kernel: pci 0000:64:0b.3: [8086:204b] type 00 class 0x088000
May 19 08:42:07 node2 kernel: pci 0000:64:0c.0: [8086:2040] type 00 class 0x088000
May 19 08:42:07 node2 kernel: pci 0000:64:0c.1: [8086:2041] type 00 class 0x088000
May 19 08:42:07 node2 kernel: pci 0000:64:0c.2: [8086:2042] type 00 class 0x088000
May 19 08:42:07 node2 kernel: pci 0000:64:0c.3: [8086:2043] type 00 class 0x088000
May 19 08:42:07 node2 kernel: pci 0000:64:0c.4: [8086:2044] type 00 class 0x088000
May 19 08:42:07 node2 kernel: pci 0000:64:0c.5: [8086:2045] type 00 class 0x088000
May 19 08:42:07 node2 kernel: pci 0000:64:0c.6: [8086:2046] type 00 class 0x088000
May 19 08:42:07 node2 kernel: pci 0000:64:0c.7: [8086:2047] type 00 class 0x088000
May 19 08:42:07 node2 kernel: pci 0000:64:0d.0: [8086:2048] type 00 class 0x088000
May 19 08:42:07 node2 kernel: pci 0000:64:0d.1: [8086:2049] type 00 class 0x088000
May 19 08:42:07 node2 kernel: pci 0000:64:0d.2: [8086:204a] type 00 class 0x088000
May 19 08:42:07 node2 kernel: pci 0000:64:0d.3: [8086:204b] type 00 class 0x088000
May 19 08:42:07 node2 kernel: pci_bus 0000:64: on NUMA node 0
May 19 08:42:07 node2 kernel: ACPI: PCI Root Bridge [PC03] (domain 0000 [bus b2-ff])
May 19 08:42:07 node2 kernel: acpi PNP0A08:03: _OSC: OS supports [ExtendedConfig ASPM ClockPM Segments MSI HPX-Type3]
May 19 08:42:07 node2 kernel: acpi PNP0A08:03: _OSC: platform does not support [SHPCHotplug AER LTR]
May 19 08:42:07 node2 kernel: acpi PNP0A08:03: _OSC: OS now controls [PCIeHotplug PME PCIeCapability]
May 19 08:42:07 node2 kernel: acpi PNP0A08:03: FADT indicates ASPM is unsupported, using BIOS configuration
May 19 08:42:07 node2 kernel: PCI host bridge to bus 0000:b2
May 19 08:42:07 node2 kernel: pci_bus 0000:b2: root bus resource [io  0xc000-0xffff window]
May 19 08:42:07 node2 kernel: pci_bus 0000:b2: root bus resource [mem 0xe1000000-0xfbffffff window]
May 19 08:42:07 node2 kernel: pci_bus 0000:b2: root bus resource [mem 0x38c000000000-0x38ffffffffff window]
May 19 08:42:07 node2 kernel: pci_bus 0000:b2: root bus resource [bus b2-ff]
May 19 08:42:07 node2 kernel: pci 0000:b2:00.0: [8086:2030] type 01 class 0x060400
May 19 08:42:07 node2 kernel: pci 0000:b2:00.0: PME# supported from D0 D3hot D3cold
May 19 08:42:07 node2 kernel: pci 0000:b2:05.0: [8086:2034] type 00 class 0x088000
May 19 08:42:07 node2 kernel: pci 0000:b2:05.2: [8086:2035] type 00 class 0x088000
May 19 08:42:07 node2 kernel: pci 0000:b2:05.4: [8086:2036] type 00 class 0x080020
May 19 08:42:07 node2 kernel: pci 0000:b2:05.4: reg 0x10: [mem 0xe1200000-0xe1200fff]
May 19 08:42:07 node2 kernel: pci 0000:b2:0e.0: [8086:2058] type 00 class 0x110100
May 19 08:42:07 node2 kernel: pci 0000:b2:0e.1: [8086:2059] type 00 class 0x088000
May 19 08:42:07 node2 kernel: pci 0000:b2:0f.0: [8086:2058] type 00 class 0x110100
May 19 08:42:07 node2 kernel: pci 0000:b2:0f.1: [8086:2059] type 00 class 0x088000
May 19 08:42:07 node2 kernel: pci 0000:b2:12.0: [8086:204c] type 00 class 0x110100
May 19 08:42:07 node2 kernel: pci 0000:b2:12.1: [8086:204d] type 00 class 0x110100
May 19 08:42:07 node2 kernel: pci 0000:b2:12.2: [8086:204e] type 00 class 0x088000
May 19 08:42:07 node2 kernel: pci 0000:b2:15.0: [8086:2018] type 00 class 0x088000
May 19 08:42:07 node2 kernel: pci 0000:b2:15.1: [8086:2088] type 00 class 0x110100
May 19 08:42:07 node2 kernel: pci 0000:b2:16.0: [8086:2018] type 00 class 0x088000
May 19 08:42:07 node2 kernel: pci 0000:b2:16.1: [8086:2088] type 00 class 0x110100
May 19 08:42:07 node2 kernel: pci 0000:b2:16.4: [8086:2018] type 00 class 0x088000
May 19 08:42:07 node2 kernel: pci 0000:b2:16.5: [8086:2088] type 00 class 0x110100
May 19 08:42:07 node2 kernel: pci 0000:b3:00.0: [1000:005f] type 00 class 0x010400
May 19 08:42:07 node2 kernel: pci 0000:b3:00.0: reg 0x10: [io  0xc000-0xc0ff]
May 19 08:42:07 node2 kernel: pci 0000:b3:00.0: reg 0x14: [mem 0xe1100000-0xe110ffff 64bit]
May 19 08:42:07 node2 kernel: pci 0000:b3:00.0: reg 0x1c: [mem 0xe1000000-0xe10fffff 64bit]
May 19 08:42:07 node2 kernel: pci 0000:b3:00.0: reg 0x30: [mem 0xfff00000-0xffffffff pref]
May 19 08:42:07 node2 kernel: pci 0000:b3:00.0: supports D1 D2
May 19 08:42:07 node2 kernel: pci 0000:b2:00.0: PCI bridge to [bus b3]
May 19 08:42:07 node2 kernel: pci 0000:b2:00.0:   bridge window [io  0xc000-0xcfff]
May 19 08:42:07 node2 kernel: pci 0000:b2:00.0:   bridge window [mem 0xe1000000-0xe11fffff]
May 19 08:42:07 node2 kernel: pci_bus 0000:b2: on NUMA node 0
May 19 08:42:07 node2 kernel: iommu: Default domain type: Translated 
May 19 08:42:07 node2 kernel: SCSI subsystem initialized
May 19 08:42:07 node2 kernel: libata version 3.00 loaded.
May 19 08:42:07 node2 kernel: pci 0000:03:00.0: vgaarb: setting as boot VGA device
May 19 08:42:07 node2 kernel: pci 0000:03:00.0: vgaarb: VGA device added: decodes=io+mem,owns=io+mem,locks=none
May 19 08:42:07 node2 kernel: pci 0000:03:00.0: vgaarb: bridge control possible
May 19 08:42:07 node2 kernel: vgaarb: loaded
May 19 08:42:07 node2 kernel: ACPI: bus type USB registered
May 19 08:42:07 node2 kernel: usbcore: registered new interface driver usbfs
May 19 08:42:07 node2 kernel: usbcore: registered new interface driver hub
May 19 08:42:07 node2 kernel: usbcore: registered new device driver usb
May 19 08:42:07 node2 kernel: pps_core: LinuxPPS API ver. 1 registered
May 19 08:42:07 node2 kernel: pps_core: Software ver. 5.3.6 - Copyright 2005-2007 Rodolfo Giometti <giometti@linux.it>
May 19 08:42:07 node2 kernel: PTP clock support registered
May 19 08:42:07 node2 kernel: EDAC MC: Ver: 3.0.0
May 19 08:42:07 node2 kernel: Registered efivars operations
May 19 08:42:07 node2 kernel: NetLabel: Initializing
May 19 08:42:07 node2 kernel: NetLabel:  domain hash size = 128
May 19 08:42:07 node2 kernel: NetLabel:  protocols = UNLABELED CIPSOv4 CALIPSO
May 19 08:42:07 node2 kernel: NetLabel:  unlabeled traffic allowed by default
May 19 08:42:07 node2 kernel: PCI: Using ACPI for IRQ routing
May 19 08:42:07 node2 kernel: PCI: pci_cache_line_size set to 64 bytes
May 19 08:42:07 node2 kernel: e820: reserve RAM buffer [mem 0x48cd0000-0x4bffffff]
May 19 08:42:07 node2 kernel: e820: reserve RAM buffer [mem 0x682ff000-0x6bffffff]
May 19 08:42:07 node2 kernel: hpet0: at MMIO 0xfed00000, IRQs 2, 8, 0, 0, 0, 0, 0, 0
May 19 08:42:07 node2 kernel: hpet0: 8 comparators, 64-bit 24.000000 MHz counter
May 19 08:42:07 node2 kernel: clocksource: Switched to clocksource tsc-early
May 19 08:42:07 node2 kernel: VFS: Disk quotas dquot_6.6.0
May 19 08:42:07 node2 kernel: VFS: Dquot-cache hash table entries: 512 (order 0, 4096 bytes)
May 19 08:42:07 node2 kernel: AppArmor: AppArmor Filesystem Enabled
May 19 08:42:07 node2 kernel: pnp: PnP ACPI init
May 19 08:42:07 node2 kernel: pnp 00:00: Plug and Play ACPI device, IDs PNP0b00 (active)
May 19 08:42:07 node2 kernel: system 00:01: [io  0x0500-0x05fe] has been reserved
May 19 08:42:07 node2 kernel: system 00:01: [io  0x0400-0x047f] has been reserved
May 19 08:42:07 node2 kernel: system 00:01: [io  0x0600-0x061f] has been reserved
May 19 08:42:07 node2 kernel: system 00:01: [io  0x0ca0-0x0ca5] has been reserved
May 19 08:42:07 node2 kernel: system 00:01: [io  0x0880-0x0883] has been reserved
May 19 08:42:07 node2 kernel: system 00:01: [io  0x0800-0x081f] has been reserved
May 19 08:42:07 node2 kernel: system 00:01: [mem 0xfed1c000-0xfed3ffff] has been reserved
May 19 08:42:07 node2 kernel: system 00:01: [mem 0xfed45000-0xfed8bfff] has been reserved
May 19 08:42:07 node2 kernel: system 00:01: [mem 0xff000000-0xffffffff] has been reserved
May 19 08:42:07 node2 kernel: system 00:01: [mem 0xfee00000-0xfeefffff] has been reserved
May 19 08:42:07 node2 kernel: system 00:01: [mem 0xfed12000-0xfed1200f] has been reserved
